Page #1: Font "Noto Serif JP,normal,900" not found. Substituting with "Noto Serif JP,normal,700".
Page #1: Font "Noto Serif JP,normal,500" not found. Substituting with "Noto Serif JP,normal,400".
Page #1: Font "Noto Serif JP,normal,200" not found. Substituting with "Noto Serif JP,normal,400".
PDF/A mode is active. Embedding a PDF file may result in a non-compliant file!
Page #2: Font "Noto Serif JP,normal,200" not found. Substituting with "Noto Serif JP,normal,400".
Page #2: Font "Noto Sans JP,normal,500" not found. Substituting with "Noto Sans JP,normal,400".
Page #3: Font "Noto Serif JP,normal,200" not found. Substituting with "Noto Serif JP,normal,400".
Page #3: Font "Noto Sans JP,normal,500" not found. Substituting with "Noto Sans JP,normal,400".
The contents of fo:inline line 1 exceed the available area in the inline-progression direction by 7142 millipoints. (See position 3:12794)
Please check the PDF and if necessary, report this issue at the following link: https://github.com/metanorma/mn-native-pdf/issues/new, and attach the XSL-FO file or fragment: '/__w/laozi/laozi/_site/documents/shengui.pdf.fo.xml'.
The contents of fo:inline line 1 exceed the available area in the inline-progression direction by 7142 millipoints. (See position 4:2674)
Please check the PDF and if necessary, report this issue at the following link: https://github.com/metanorma/mn-native-pdf/issues/new, and attach the XSL-FO file or fragment: '/__w/laozi/laozi/_site/documents/shengui.pdf.fo.xml'.
The contents of fo:inline line 1 exceed the available area in the inline-progression direction by 7142 millipoints. (See position 5:2220)
Please check the PDF and if necessary, report this issue at the following link: https://github.com/metanorma/mn-native-pdf/issues/new, and attach the XSL-FO file or fragment: '/__w/laozi/laozi/_site/documents/shengui.pdf.fo.xml'.
The contents of fo:inline line 1 exceed the available area in the inline-progression direction by 7142 millipoints. (See position 6:2214)
Please check the PDF and if necessary, report this issue at the following link: https://github.com/metanorma/mn-native-pdf/issues/new, and attach the XSL-FO file or fragment: '/__w/laozi/laozi/_site/documents/shengui.pdf.fo.xml'.
The contents of fo:inline line 1 exceed the available area in the inline-progression direction by 7142 millipoints. (See position 7:2216)
Please check the PDF and if necessary, report this issue at the following link: https://github.com/metanorma/mn-native-pdf/issues/new, and attach the XSL-FO file or fragment: '/__w/laozi/laozi/_site/documents/shengui.pdf.fo.xml'.
The contents of fo:inline line 1 exceed the available area in the inline-progression direction by 7142 millipoints. (See position 8:2662)
Please check the PDF and if necessary, report this issue at the following link: https://github.com/metanorma/mn-native-pdf/issues/new, and attach the XSL-FO file or fragment: '/__w/laozi/laozi/_site/documents/shengui.pdf.fo.xml'.
The contents of fo:inline line 1 exceed the available area in the inline-progression direction by 7142 millipoints. (See position 9:1784)
Please check the PDF and if necessary, report this issue at the following link: https://github.com/metanorma/mn-native-pdf/issues/new, and attach the XSL-FO file or fragment: '/__w/laozi/laozi/_site/documents/shengui.pdf.fo.xml'.
The contents of fo:inline line 1 exceed the available area in the inline-progression direction by 7142 millipoints. (See position 10:2216)
Please check the PDF and if necessary, report this issue at the following link: https://github.com/metanorma/mn-native-pdf/issues/new, and attach the XSL-FO file or fragment: '/__w/laozi/laozi/_site/documents/shengui.pdf.fo.xml'.
The contents of fo:inline line 1 exceed the available area in the inline-progression direction by 7142 millipoints. (See position 11:2674)
Please check the PDF and if necessary, report this issue at the following link: https://github.com/metanorma/mn-native-pdf/issues/new, and attach the XSL-FO file or fragment: '/__w/laozi/laozi/_site/documents/shengui.pdf.fo.xml'.
The contents of fo:inline line 1 exceed the available area in the inline-progression direction by 7142 millipoints. (See position 32:6179)
Please check the PDF and if necessary, report this issue at the following link: https://github.com/metanorma/mn-native-pdf/issues/new, and attach the XSL-FO file or fragment: '/__w/laozi/laozi/_site/documents/shengui.pdf.fo.xml'.
The contents of fo:inline line 1 exceed the available area in the inline-progression direction by 7142 millipoints. (See position 33:1778)
Please check the PDF and if necessary, report this issue at the following link: https://github.com/metanorma/mn-native-pdf/issues/new, and attach the XSL-FO file or fragment: '/__w/laozi/laozi/_site/documents/shengui.pdf.fo.xml'.
The contents of fo:inline line 1 exceed the available area in the inline-progression direction by 7142 millipoints. (See position 34:2211)
Please check the PDF and if necessary, report this issue at the following link: https://github.com/metanorma/mn-native-pdf/issues/new, and attach the XSL-FO file or fragment: '/__w/laozi/laozi/_site/documents/shengui.pdf.fo.xml'.
The contents of fo:inline line 1 exceed the available area in the inline-progression direction by 7142 millipoints. (See position 35:2216)
Please check the PDF and if necessary, report this issue at the following link: https://github.com/metanorma/mn-native-pdf/issues/new, and attach the XSL-FO file or fragment: '/__w/laozi/laozi/_site/documents/shengui.pdf.fo.xml'.
The contents of fo:inline line 1 exceed the available area in the inline-progression direction by 7142 millipoints. (See position 36:2220)
Please check the PDF and if necessary, report this issue at the following link: https://github.com/metanorma/mn-native-pdf/issues/new, and attach the XSL-FO file or fragment: '/__w/laozi/laozi/_site/documents/shengui.pdf.fo.xml'.
The contents of fo:inline line 1 exceed the available area in the inline-progression direction by 7142 millipoints. (See position 37:3080)
Please check the PDF and if necessary, report this issue at the following link: https://github.com/metanorma/mn-native-pdf/issues/new, and attach the XSL-FO file or fragment: '/__w/laozi/laozi/_site/documents/shengui.pdf.fo.xml'.
The contents of fo:inline line 1 exceed the available area in the inline-progression direction by 7142 millipoints. (See position 38:1781)
Please check the PDF and if necessary, report this issue at the following link: https://github.com/metanorma/mn-native-pdf/issues/new, and attach the XSL-FO file or fragment: '/__w/laozi/laozi/_site/documents/shengui.pdf.fo.xml'.
The contents of fo:inline line 1 exceed the available area in the inline-progression direction by 7142 millipoints. (See position 39:2646)
Please check the PDF and if necessary, report this issue at the following link: https://github.com/metanorma/mn-native-pdf/issues/new, and attach the XSL-FO file or fragment: '/__w/laozi/laozi/_site/documents/shengui.pdf.fo.xml'.
The contents of fo:inline line 1 exceed the available area in the inline-progression direction by 7142 millipoints. (See position 40:2218)
Please check the PDF and if necessary, report this issue at the following link: https://github.com/metanorma/mn-native-pdf/issues/new, and attach the XSL-FO file or fragment: '/__w/laozi/laozi/_site/documents/shengui.pdf.fo.xml'.
The contents of fo:inline line 1 exceed the available area in the inline-progression direction by 7142 millipoints. (See position 68:3351)
Please check the PDF and if necessary, report this issue at the following link: https://github.com/metanorma/mn-native-pdf/issues/new, and attach the XSL-FO file or fragment: '/__w/laozi/laozi/_site/documents/shengui.pdf.fo.xml'.
The contents of fo:inline line 1 exceed the available area in the inline-progression direction by 7142 millipoints. (See position 69:2209)
Please check the PDF and if necessary, report this issue at the following link: https://github.com/metanorma/mn-native-pdf/issues/new, and attach the XSL-FO file or fragment: '/__w/laozi/laozi/_site/documents/shengui.pdf.fo.xml'.
The contents of fo:inline line 1 exceed the available area in the inline-progression direction by 7142 millipoints. (See position 70:1778)
Please check the PDF and if necessary, report this issue at the following link: https://github.com/metanorma/mn-native-pdf/issues/new, and attach the XSL-FO file or fragment: '/__w/laozi/laozi/_site/documents/shengui.pdf.fo.xml'.
The contents of fo:inline line 1 exceed the available area in the inline-progression direction by 7142 millipoints. (See position 71:2211)
Please check the PDF and if necessary, report this issue at the following link: https://github.com/metanorma/mn-native-pdf/issues/new, and attach the XSL-FO file or fragment: '/__w/laozi/laozi/_site/documents/shengui.pdf.fo.xml'.
The contents of fo:inline line 1 exceed the available area in the inline-progression direction by 7142 millipoints. (See position 72:2214)
Please check the PDF and if necessary, report this issue at the following link: https://github.com/metanorma/mn-native-pdf/issues/new, and attach the XSL-FO file or fragment: '/__w/laozi/laozi/_site/documents/shengui.pdf.fo.xml'.
The contents of fo:inline line 1 exceed the available area in the inline-progression direction by 7142 millipoints. (See position 73:2671)
Please check the PDF and if necessary, report this issue at the following link: https://github.com/metanorma/mn-native-pdf/issues/new, and attach the XSL-FO file or fragment: '/__w/laozi/laozi/_site/documents/shengui.pdf.fo.xml'.
The contents of fo:inline line 1 exceed the available area in the inline-progression direction by 7142 millipoints. (See position 74:2210)
Please check the PDF and if necessary, report this issue at the following link: https://github.com/metanorma/mn-native-pdf/issues/new, and attach the XSL-FO file or fragment: '/__w/laozi/laozi/_site/documents/shengui.pdf.fo.xml'.
The contents of fo:inline line 1 exceed the available area in the inline-progression direction by 7142 millipoints. (See position 75:1779)
Please check the PDF and if necessary, report this issue at the following link: https://github.com/metanorma/mn-native-pdf/issues/new, and attach the XSL-FO file or fragment: '/__w/laozi/laozi/_site/documents/shengui.pdf.fo.xml'.
The contents of fo:inline line 1 exceed the available area in the inline-progression direction by 7142 millipoints. (See position 76:2212)
Please check the PDF and if necessary, report this issue at the following link: https://github.com/metanorma/mn-native-pdf/issues/new, and attach the XSL-FO file or fragment: '/__w/laozi/laozi/_site/documents/shengui.pdf.fo.xml'.
The contents of fo:inline line 1 exceed the available area in the inline-progression direction by 7142 millipoints. (See position 111:5274)
Please check the PDF and if necessary, report this issue at the following link: https://github.com/metanorma/mn-native-pdf/issues/new, and attach the XSL-FO file or fragment: '/__w/laozi/laozi/_site/documents/shengui.pdf.fo.xml'.
The contents of fo:inline line 1 exceed the available area in the inline-progression direction by 7142 millipoints. (See position 112:1776)
Please check the PDF and if necessary, report this issue at the following link: https://github.com/metanorma/mn-native-pdf/issues/new, and attach the XSL-FO file or fragment: '/__w/laozi/laozi/_site/documents/shengui.pdf.fo.xml'.
The contents of fo:inline line 1 exceed the available area in the inline-progression direction by 7142 millipoints. (See position 113:2209)
Please check the PDF and if necessary, report this issue at the following link: https://github.com/metanorma/mn-native-pdf/issues/new, and attach the XSL-FO file or fragment: '/__w/laozi/laozi/_site/documents/shengui.pdf.fo.xml'.
The contents of fo:inline line 1 exceed the available area in the inline-progression direction by 7142 millipoints. (See position 114:2218)
Please check the PDF and if necessary, report this issue at the following link: https://github.com/metanorma/mn-native-pdf/issues/new, and attach the XSL-FO file or fragment: '/__w/laozi/laozi/_site/documents/shengui.pdf.fo.xml'.
The contents of fo:inline line 1 exceed the available area in the inline-progression direction by 7142 millipoints. (See position 115:1776)
Please check the PDF and if necessary, report this issue at the following link: https://github.com/metanorma/mn-native-pdf/issues/new, and attach the XSL-FO file or fragment: '/__w/laozi/laozi/_site/documents/shengui.pdf.fo.xml'.
The contents of fo:inline line 1 exceed the available area in the inline-progression direction by 7142 millipoints. (See position 116:1776)
Please check the PDF and if necessary, report this issue at the following link: https://github.com/metanorma/mn-native-pdf/issues/new, and attach the XSL-FO file or fragment: '/__w/laozi/laozi/_site/documents/shengui.pdf.fo.xml'.
The contents of fo:inline line 1 exceed the available area in the inline-progression direction by 7142 millipoints. (See position 117:1776)
Please check the PDF and if necessary, report this issue at the following link: https://github.com/metanorma/mn-native-pdf/issues/new, and attach the XSL-FO file or fragment: '/__w/laozi/laozi/_site/documents/shengui.pdf.fo.xml'.
The contents of fo:inline line 1 exceed the available area in the inline-progression direction by 7142 millipoints. (See position 118:2209)
Please check the PDF and if necessary, report this issue at the following link: https://github.com/metanorma/mn-native-pdf/issues/new, and attach the XSL-FO file or fragment: '/__w/laozi/laozi/_site/documents/shengui.pdf.fo.xml'.
The contents of fo:inline line 1 exceed the available area in the inline-progression direction by 7142 millipoints. (See position 119:1781)
Please check the PDF and if necessary, report this issue at the following link: https://github.com/metanorma/mn-native-pdf/issues/new, and attach the XSL-FO file or fragment: '/__w/laozi/laozi/_site/documents/shengui.pdf.fo.xml'.
The contents of fo:inline line 1 exceed the available area in the inline-progression direction by 7142 millipoints. (See position 168:3782)
Please check the PDF and if necessary, report this issue at the following link: https://github.com/metanorma/mn-native-pdf/issues/new, and attach the XSL-FO file or fragment: '/__w/laozi/laozi/_site/documents/shengui.pdf.fo.xml'.
The contents of fo:inline line 1 exceed the available area in the inline-progression direction by 7142 millipoints. (See position 169:2217)
Please check the PDF and if necessary, report this issue at the following link: https://github.com/metanorma/mn-native-pdf/issues/new, and attach the XSL-FO file or fragment: '/__w/laozi/laozi/_site/documents/shengui.pdf.fo.xml'.
The contents of fo:inline line 1 exceed the available area in the inline-progression direction by 7142 millipoints. (See position 170:2216)
Please check the PDF and if necessary, report this issue at the following link: https://github.com/metanorma/mn-native-pdf/issues/new, and attach the XSL-FO file or fragment: '/__w/laozi/laozi/_site/documents/shengui.pdf.fo.xml'.
The contents of fo:inline line 1 exceed the available area in the inline-progression direction by 7142 millipoints. (See position 171:1786)
Please check the PDF and if necessary, report this issue at the following link: https://github.com/metanorma/mn-native-pdf/issues/new, and attach the XSL-FO file or fragment: '/__w/laozi/laozi/_site/documents/shengui.pdf.fo.xml'.
The contents of fo:inline line 1 exceed the available area in the inline-progression direction by 7142 millipoints. (See position 172:1780)
Please check the PDF and if necessary, report this issue at the following link: https://github.com/metanorma/mn-native-pdf/issues/new, and attach the XSL-FO file or fragment: '/__w/laozi/laozi/_site/documents/shengui.pdf.fo.xml'.
The contents of fo:inline line 1 exceed the available area in the inline-progression direction by 7142 millipoints. (See position 173:1780)
Please check the PDF and if necessary, report this issue at the following link: https://github.com/metanorma/mn-native-pdf/issues/new, and attach the XSL-FO file or fragment: '/__w/laozi/laozi/_site/documents/shengui.pdf.fo.xml'.
The contents of fo:inline line 1 exceed the available area in the inline-progression direction by 7142 millipoints. (See position 174:2214)
Please check the PDF and if necessary, report this issue at the following link: https://github.com/metanorma/mn-native-pdf/issues/new, and attach the XSL-FO file or fragment: '/__w/laozi/laozi/_site/documents/shengui.pdf.fo.xml'.
The contents of fo:inline line 1 exceed the available area in the inline-progression direction by 7142 millipoints. (See position 175:2214)
Please check the PDF and if necessary, report this issue at the following link: https://github.com/metanorma/mn-native-pdf/issues/new, and attach the XSL-FO file or fragment: '/__w/laozi/laozi/_site/documents/shengui.pdf.fo.xml'.
The contents of fo:inline line 1 exceed the available area in the inline-progression direction by 7142 millipoints. (See position 176:2222)
Please check the PDF and if necessary, report this issue at the following link: https://github.com/metanorma/mn-native-pdf/issues/new, and attach the XSL-FO file or fragment: '/__w/laozi/laozi/_site/documents/shengui.pdf.fo.xml'.
The contents of fo:inline line 1 exceed the available area in the inline-progression direction by 7142 millipoints. (See position 237:3942)
Please check the PDF and if necessary, report this issue at the following link: https://github.com/metanorma/mn-native-pdf/issues/new, and attach the XSL-FO file or fragment: '/__w/laozi/laozi/_site/documents/shengui.pdf.fo.xml'.
The contents of fo:inline line 1 exceed the available area in the inline-progression direction by 7142 millipoints. (See position 238:3945)
Please check the PDF and if necessary, report this issue at the following link: https://github.com/metanorma/mn-native-pdf/issues/new, and attach the XSL-FO file or fragment: '/__w/laozi/laozi/_site/documents/shengui.pdf.fo.xml'.
The contents of fo:inline line 1 exceed the available area in the inline-progression direction by 7142 millipoints. (See position 239:2214)
Please check the PDF and if necessary, report this issue at the following link: https://github.com/metanorma/mn-native-pdf/issues/new, and attach the XSL-FO file or fragment: '/__w/laozi/laozi/_site/documents/shengui.pdf.fo.xml'.
The contents of fo:inline line 1 exceed the available area in the inline-progression direction by 7142 millipoints. (See position 240:2678)
Please check the PDF and if necessary, report this issue at the following link: https://github.com/metanorma/mn-native-pdf/issues/new, and attach the XSL-FO file or fragment: '/__w/laozi/laozi/_site/documents/shengui.pdf.fo.xml'.
The contents of fo:inline line 1 exceed the available area in the inline-progression direction by 7142 millipoints. (See position 241:7486)
Please check the PDF and if necessary, report this issue at the following link: https://github.com/metanorma/mn-native-pdf/issues/new, and attach the XSL-FO file or fragment: '/__w/laozi/laozi/_site/documents/shengui.pdf.fo.xml'.
The contents of fo:inline line 1 exceed the available area in the inline-progression direction by 7142 millipoints. (See position 242:2209)
Please check the PDF and if necessary, report this issue at the following link: https://github.com/metanorma/mn-native-pdf/issues/new, and attach the XSL-FO file or fragment: '/__w/laozi/laozi/_site/documents/shengui.pdf.fo.xml'.
The contents of fo:inline line 1 exceed the available area in the inline-progression direction by 7142 millipoints. (See position 243:1780)
Please check the PDF and if necessary, report this issue at the following link: https://github.com/metanorma/mn-native-pdf/issues/new, and attach the XSL-FO file or fragment: '/__w/laozi/laozi/_site/documents/shengui.pdf.fo.xml'.
The contents of fo:inline line 1 exceed the available area in the inline-progression direction by 7142 millipoints. (See position 244:1780)
Please check the PDF and if necessary, report this issue at the following link: https://github.com/metanorma/mn-native-pdf/issues/new, and attach the XSL-FO file or fragment: '/__w/laozi/laozi/_site/documents/shengui.pdf.fo.xml'.
The contents of fo:inline line 1 exceed the available area in the inline-progression direction by 7142 millipoints. (See position 245:4407)
Please check the PDF and if necessary, report this issue at the following link: https://github.com/metanorma/mn-native-pdf/issues/new, and attach the XSL-FO file or fragment: '/__w/laozi/laozi/_site/documents/shengui.pdf.fo.xml'.
The contents of fo:inline line 1 exceed the available area in the inline-progression direction by 7142 millipoints. (See position 278:6169)
Please check the PDF and if necessary, report this issue at the following link: https://github.com/metanorma/mn-native-pdf/issues/new, and attach the XSL-FO file or fragment: '/__w/laozi/laozi/_site/documents/shengui.pdf.fo.xml'.
The contents of fo:inline line 1 exceed the available area in the inline-progression direction by 7142 millipoints. (See position 279:2214)
Please check the PDF and if necessary, report this issue at the following link: https://github.com/metanorma/mn-native-pdf/issues/new, and attach the XSL-FO file or fragment: '/__w/laozi/laozi/_site/documents/shengui.pdf.fo.xml'.
The contents of fo:inline line 1 exceed the available area in the inline-progression direction by 7142 millipoints. (See position 280:3083)
Please check the PDF and if necessary, report this issue at the following link: https://github.com/metanorma/mn-native-pdf/issues/new, and attach the XSL-FO file or fragment: '/__w/laozi/laozi/_site/documents/shengui.pdf.fo.xml'.
The contents of fo:inline line 1 exceed the available area in the inline-progression direction by 7142 millipoints. (See position 281:2226)
Please check the PDF and if necessary, report this issue at the following link: https://github.com/metanorma/mn-native-pdf/issues/new, and attach the XSL-FO file or fragment: '/__w/laozi/laozi/_site/documents/shengui.pdf.fo.xml'.
The contents of fo:inline line 1 exceed the available area in the inline-progression direction by 7142 millipoints. (See position 282:2233)
Please check the PDF and if necessary, report this issue at the following link: https://github.com/metanorma/mn-native-pdf/issues/new, and attach the XSL-FO file or fragment: '/__w/laozi/laozi/_site/documents/shengui.pdf.fo.xml'.
The contents of fo:inline line 1 exceed the available area in the inline-progression direction by 7142 millipoints. (See position 283:2650)
Please check the PDF and if necessary, report this issue at the following link: https://github.com/metanorma/mn-native-pdf/issues/new, and attach the XSL-FO file or fragment: '/__w/laozi/laozi/_site/documents/shengui.pdf.fo.xml'.
The contents of fo:inline line 1 exceed the available area in the inline-progression direction by 7142 millipoints. (See position 284:2220)
Please check the PDF and if necessary, report this issue at the following link: https://github.com/metanorma/mn-native-pdf/issues/new, and attach the XSL-FO file or fragment: '/__w/laozi/laozi/_site/documents/shengui.pdf.fo.xml'.
The contents of fo:inline line 1 exceed the available area in the inline-progression direction by 7142 millipoints. (See position 285:3513)
Please check the PDF and if necessary, report this issue at the following link: https://github.com/metanorma/mn-native-pdf/issues/new, and attach the XSL-FO file or fragment: '/__w/laozi/laozi/_site/documents/shengui.pdf.fo.xml'.
The contents of fo:inline line 1 exceed the available area in the inline-progression direction by 7142 millipoints. (See position 286:2739)
Please check the PDF and if necessary, report this issue at the following link: https://github.com/metanorma/mn-native-pdf/issues/new, and attach the XSL-FO file or fragment: '/__w/laozi/laozi/_site/documents/shengui.pdf.fo.xml'.
The contents of fo:inline line 1 exceed the available area in the inline-progression direction by 7142 millipoints. (See position 315:2905)
Please check the PDF and if necessary, report this issue at the following link: https://github.com/metanorma/mn-native-pdf/issues/new, and attach the XSL-FO file or fragment: '/__w/laozi/laozi/_site/documents/shengui.pdf.fo.xml'.
The contents of fo:inline line 1 exceed the available area in the inline-progression direction by 7142 millipoints. (See position 316:2214)
Please check the PDF and if necessary, report this issue at the following link: https://github.com/metanorma/mn-native-pdf/issues/new, and attach the XSL-FO file or fragment: '/__w/laozi/laozi/_site/documents/shengui.pdf.fo.xml'.
The contents of fo:inline line 1 exceed the available area in the inline-progression direction by 7142 millipoints. (See position 317:1778)
Please check the PDF and if necessary, report this issue at the following link: https://github.com/metanorma/mn-native-pdf/issues/new, and attach the XSL-FO file or fragment: '/__w/laozi/laozi/_site/documents/shengui.pdf.fo.xml'.
The contents of fo:inline line 1 exceed the available area in the inline-progression direction by 7142 millipoints. (See position 318:2211)
Please check the PDF and if necessary, report this issue at the following link: https://github.com/metanorma/mn-native-pdf/issues/new, and attach the XSL-FO file or fragment: '/__w/laozi/laozi/_site/documents/shengui.pdf.fo.xml'.
The contents of fo:inline line 1 exceed the available area in the inline-progression direction by 7142 millipoints. (See position 319:2218)
Please check the PDF and if necessary, report this issue at the following link: https://github.com/metanorma/mn-native-pdf/issues/new, and attach the XSL-FO file or fragment: '/__w/laozi/laozi/_site/documents/shengui.pdf.fo.xml'.
The contents of fo:inline line 1 exceed the available area in the inline-progression direction by 7142 millipoints. (See position 320:3135)
Please check the PDF and if necessary, report this issue at the following link: https://github.com/metanorma/mn-native-pdf/issues/new, and attach the XSL-FO file or fragment: '/__w/laozi/laozi/_site/documents/shengui.pdf.fo.xml'.
The contents of fo:inline line 1 exceed the available area in the inline-progression direction by 7142 millipoints. (See position 321:2226)
Please check the PDF and if necessary, report this issue at the following link: https://github.com/metanorma/mn-native-pdf/issues/new, and attach the XSL-FO file or fragment: '/__w/laozi/laozi/_site/documents/shengui.pdf.fo.xml'.
The contents of fo:inline line 1 exceed the available area in the inline-progression direction by 7142 millipoints. (See position 322:2227)
Please check the PDF and if necessary, report this issue at the following link: https://github.com/metanorma/mn-native-pdf/issues/new, and attach the XSL-FO file or fragment: '/__w/laozi/laozi/_site/documents/shengui.pdf.fo.xml'.
The contents of fo:inline line 1 exceed the available area in the inline-progression direction by 7142 millipoints. (See position 323:2642)
Please check the PDF and if necessary, report this issue at the following link: https://github.com/metanorma/mn-native-pdf/issues/new, and attach the XSL-FO file or fragment: '/__w/laozi/laozi/_site/documents/shengui.pdf.fo.xml'.
The contents of fo:inline line 1 exceed the available area in the inline-progression direction by 7142 millipoints. (See position 348:2905)
Please check the PDF and if necessary, report this issue at the following link: https://github.com/metanorma/mn-native-pdf/issues/new, and attach the XSL-FO file or fragment: '/__w/laozi/laozi/_site/documents/shengui.pdf.fo.xml'.
The contents of fo:inline line 1 exceed the available area in the inline-progression direction by 7142 millipoints. (See position 349:2215)
Please check the PDF and if necessary, report this issue at the following link: https://github.com/metanorma/mn-native-pdf/issues/new, and attach the XSL-FO file or fragment: '/__w/laozi/laozi/_site/documents/shengui.pdf.fo.xml'.
The contents of fo:inline line 1 exceed the available area in the inline-progression direction by 7142 millipoints. (See position 350:2226)
Please check the PDF and if necessary, report this issue at the following link: https://github.com/metanorma/mn-native-pdf/issues/new, and attach the XSL-FO file or fragment: '/__w/laozi/laozi/_site/documents/shengui.pdf.fo.xml'.
The contents of fo:inline line 1 exceed the available area in the inline-progression direction by 7142 millipoints. (See position 351:2227)
Please check the PDF and if necessary, report this issue at the following link: https://github.com/metanorma/mn-native-pdf/issues/new, and attach the XSL-FO file or fragment: '/__w/laozi/laozi/_site/documents/shengui.pdf.fo.xml'.
The contents of fo:inline line 1 exceed the available area in the inline-progression direction by 7142 millipoints. (See position 352:2659)
Please check the PDF and if necessary, report this issue at the following link: https://github.com/metanorma/mn-native-pdf/issues/new, and attach the XSL-FO file or fragment: '/__w/laozi/laozi/_site/documents/shengui.pdf.fo.xml'.
The contents of fo:inline line 1 exceed the available area in the inline-progression direction by 7142 millipoints. (See position 353:2228)
Please check the PDF and if necessary, report this issue at the following link: https://github.com/metanorma/mn-native-pdf/issues/new, and attach the XSL-FO file or fragment: '/__w/laozi/laozi/_site/documents/shengui.pdf.fo.xml'.
The contents of fo:inline line 1 exceed the available area in the inline-progression direction by 7142 millipoints. (See position 354:1787)
Please check the PDF and if necessary, report this issue at the following link: https://github.com/metanorma/mn-native-pdf/issues/new, and attach the XSL-FO file or fragment: '/__w/laozi/laozi/_site/documents/shengui.pdf.fo.xml'.
The contents of fo:inline line 1 exceed the available area in the inline-progression direction by 7142 millipoints. (See position 355:3110)
Please check the PDF and if necessary, report this issue at the following link: https://github.com/metanorma/mn-native-pdf/issues/new, and attach the XSL-FO file or fragment: '/__w/laozi/laozi/_site/documents/shengui.pdf.fo.xml'.
The contents of fo:inline line 1 exceed the available area in the inline-progression direction by 7142 millipoints. (See position 356:2220)
Please check the PDF and if necessary, report this issue at the following link: https://github.com/metanorma/mn-native-pdf/issues/new, and attach the XSL-FO file or fragment: '/__w/laozi/laozi/_site/documents/shengui.pdf.fo.xml'.
The contents of fo:inline line 1 exceed the available area in the inline-progression direction by 7142 millipoints. (See position 366:3952)
Please check the PDF and if necessary, report this issue at the following link: https://github.com/metanorma/mn-native-pdf/issues/new, and attach the XSL-FO file or fragment: '/__w/laozi/laozi/_site/documents/shengui.pdf.fo.xml'.
The contents of fo:inline line 1 exceed the available area in the inline-progression direction by 7142 millipoints. (See position 367:2213)
Please check the PDF and if necessary, report this issue at the following link: https://github.com/metanorma/mn-native-pdf/issues/new, and attach the XSL-FO file or fragment: '/__w/laozi/laozi/_site/documents/shengui.pdf.fo.xml'.
The contents of fo:inline line 1 exceed the available area in the inline-progression direction by 7142 millipoints. (See position 368:1784)
Please check the PDF and if necessary, report this issue at the following link: https://github.com/metanorma/mn-native-pdf/issues/new, and attach the XSL-FO file or fragment: '/__w/laozi/laozi/_site/documents/shengui.pdf.fo.xml'.
The contents of fo:inline line 1 exceed the available area in the inline-progression direction by 7142 millipoints. (See position 369:2216)
Please check the PDF and if necessary, report this issue at the following link: https://github.com/metanorma/mn-native-pdf/issues/new, and attach the XSL-FO file or fragment: '/__w/laozi/laozi/_site/documents/shengui.pdf.fo.xml'.
The contents of fo:inline line 1 exceed the available area in the inline-progression direction by 7142 millipoints. (See position 370:2677)
Please check the PDF and if necessary, report this issue at the following link: https://github.com/metanorma/mn-native-pdf/issues/new, and attach the XSL-FO file or fragment: '/__w/laozi/laozi/_site/documents/shengui.pdf.fo.xml'.
The contents of fo:inline line 1 exceed the available area in the inline-progression direction by 7142 millipoints. (See position 371:3147)
Please check the PDF and if necessary, report this issue at the following link: https://github.com/metanorma/mn-native-pdf/issues/new, and attach the XSL-FO file or fragment: '/__w/laozi/laozi/_site/documents/shengui.pdf.fo.xml'.
The contents of fo:inline line 1 exceed the available area in the inline-progression direction by 7142 millipoints. (See position 372:2224)
Please check the PDF and if necessary, report this issue at the following link: https://github.com/metanorma/mn-native-pdf/issues/new, and attach the XSL-FO file or fragment: '/__w/laozi/laozi/_site/documents/shengui.pdf.fo.xml'.
The contents of fo:inline line 1 exceed the available area in the inline-progression direction by 7142 millipoints. (See position 373:2217)
Please check the PDF and if necessary, report this issue at the following link: https://github.com/metanorma/mn-native-pdf/issues/new, and attach the XSL-FO file or fragment: '/__w/laozi/laozi/_site/documents/shengui.pdf.fo.xml'.
The contents of fo:inline line 1 exceed the available area in the inline-progression direction by 7142 millipoints. (See position 374:2224)
Please check the PDF and if necessary, report this issue at the following link: https://github.com/metanorma/mn-native-pdf/issues/new, and attach the XSL-FO file or fragment: '/__w/laozi/laozi/_site/documents/shengui.pdf.fo.xml'.
The contents of fo:inline line 1 exceed the available area in the inline-progression direction by 7142 millipoints. (See position 424:4397)
Please check the PDF and if necessary, report this issue at the following link: https://github.com/metanorma/mn-native-pdf/issues/new, and attach the XSL-FO file or fragment: '/__w/laozi/laozi/_site/documents/shengui.pdf.fo.xml'.
The contents of fo:inline line 1 exceed the available area in the inline-progression direction by 7142 millipoints. (See position 425:2218)
Please check the PDF and if necessary, report this issue at the following link: https://github.com/metanorma/mn-native-pdf/issues/new, and attach the XSL-FO file or fragment: '/__w/laozi/laozi/_site/documents/shengui.pdf.fo.xml'.
The contents of fo:inline line 1 exceed the available area in the inline-progression direction by 7142 millipoints. (See position 426:2218)
Please check the PDF and if necessary, report this issue at the following link: https://github.com/metanorma/mn-native-pdf/issues/new, and attach the XSL-FO file or fragment: '/__w/laozi/laozi/_site/documents/shengui.pdf.fo.xml'.
The contents of fo:inline line 1 exceed the available area in the inline-progression direction by 7142 millipoints. (See position 427:2220)
Please check the PDF and if necessary, report this issue at the following link: https://github.com/metanorma/mn-native-pdf/issues/new, and attach the XSL-FO file or fragment: '/__w/laozi/laozi/_site/documents/shengui.pdf.fo.xml'.
The contents of fo:inline line 1 exceed the available area in the inline-progression direction by 7142 millipoints. (See position 428:2684)
Please check the PDF and if necessary, report this issue at the following link: https://github.com/metanorma/mn-native-pdf/issues/new, and attach the XSL-FO file or fragment: '/__w/laozi/laozi/_site/documents/shengui.pdf.fo.xml'.
The contents of fo:inline line 1 exceed the available area in the inline-progression direction by 7142 millipoints. (See position 429:2214)
Please check the PDF and if necessary, report this issue at the following link: https://github.com/metanorma/mn-native-pdf/issues/new, and attach the XSL-FO file or fragment: '/__w/laozi/laozi/_site/documents/shengui.pdf.fo.xml'.
The contents of fo:inline line 1 exceed the available area in the inline-progression direction by 7142 millipoints. (See position 430:2211)
Please check the PDF and if necessary, report this issue at the following link: https://github.com/metanorma/mn-native-pdf/issues/new, and attach the XSL-FO file or fragment: '/__w/laozi/laozi/_site/documents/shengui.pdf.fo.xml'.
The contents of fo:inline line 1 exceed the available area in the inline-progression direction by 7142 millipoints. (See position 431:4004)
Please check the PDF and if necessary, report this issue at the following link: https://github.com/metanorma/mn-native-pdf/issues/new, and attach the XSL-FO file or fragment: '/__w/laozi/laozi/_site/documents/shengui.pdf.fo.xml'.
The contents of fo:inline line 1 exceed the available area in the inline-progression direction by 7142 millipoints. (See position 432:2217)
Please check the PDF and if necessary, report this issue at the following link: https://github.com/metanorma/mn-native-pdf/issues/new, and attach the XSL-FO file or fragment: '/__w/laozi/laozi/_site/documents/shengui.pdf.fo.xml'.
Page #36: Font "Noto Serif JP,normal,200" not found. Substituting with "Noto Serif JP,normal,400".
Page #37: Font "Noto Serif JP,normal,500" not found. Substituting with "Noto Serif JP,normal,400".
PDF/A mode is active. Embedding a PDF file may result in a non-compliant file!
