<?xml version="1.0" encoding="UTF-8"?><!--
Relative config URLs are resolved relative to location of this file.
--><!-- NOTE: This is the version of the configuration --><fop version="1.0">

  <accessibility keep-empty-tags="false">true</accessibility>

  <!-- Base URL for resolving relative URLs -->
  <base>.</base>

  <!-- Source resolution in dpi (dots/pixels per inch) for determining the size of pixels in SVG and bitmap images, default: 72dpi -->
  <source-resolution>96</source-resolution>
  <!-- Target resolution in dpi (dots/pixels per inch) for specifying the target resolution for generated bitmaps, default: 72dpi -->
  <target-resolution>96</target-resolution>
  <complex-scripts disabled="false"/>
  <!-- Default page-height and page-width, in case value is specified as auto -->
  <default-page-settings height="11.00in" width="8.50in"/>
  <fonts>
    <substitutions>
    </substitutions>
  </fonts>
  <!-- Information for specific renderers -->
  <!-- Uses renderer mime type for renderers -->
  <renderers>
    <renderer mime="application/pdf">
      <pdf-ua-mode>PDF/UA-1</pdf-ua-mode>
      <!-- <linearization>true</linearization> commented: see https://github.com/metanorma/mn2pdf/issues/204 -->
      <version>1.7</version>
      <filterList>
        <!-- provides compression using zlib flate (default is on) -->
        <value>flate</value>

        <!-- encodes binary data into printable ascii characters (default off)
             This provides about a 4:5 expansion of data size -->
        <!-- <value>ascii-85</value> -->

        <!-- encodes binary data with hex representation (default off)
             This filter is not recommended as it doubles the data size -->
        <!-- <value>ascii-hex</value> -->
      </filterList>

      <fonts/>

      <!-- This option lets you specify additional options on an XML handler -->
      <!--xml-handler namespace="http://www.w3.org/2000/svg">
        <stroke-text>false</stroke-text>
      </xml-handler-->

    </renderer>

  </renderers>

</fop>