PDF isn't valid PDF/UA-1:
ValidationResult [flavour=ua1, totalAssertions=140365, assertions=[
TestAssertion [ruleId=RuleId [specification=ISO 14289-1:2014, clause=7.2, testNumber=26], status=failed,
message=TOCI element should be contained in TOC element,
location=Location [level=CosDocument, context=root/document[0]/StructTreeRoot[0](597 0 obj PDStructTreeRoot)/K[0](599 0 obj SEDocument Document)/K[1](629 0 obj SEPart Part)/K[0](657 0 obj SESect Sect)/K[0](658 0 obj SETOC TOC)/K[0](659 0 obj SETOCI TOCI)/K[0](684 0 obj SEL L)/K[0](685 0 obj SELI LI)/K[1](687 0 obj SELBody LBody)/K[0](688 0 obj SETOCI TOCI)], locationContext=null, errorMessage=null], 
TestAssertion [ruleId=RuleId [specification=ISO 14289-1:2014, clause=7.2, testNumber=26], status=failed,
message=TOCI element should be contained in TOC element,
location=Location [level=CosDocument, context=root/document[0]/StructTreeRoot[0](597 0 obj PDStructTreeRoot)/K[0](599 0 obj SEDocument Document)/K[1](629 0 obj SEPart Part)/K[0](657 0 obj SESect Sect)/K[0](658 0 obj SETOC TOC)/K[1](660 0 obj SETOCI TOCI)/K[0](691 0 obj SEL L)/K[0](692 0 obj SELI LI)/K[1](694 0 obj SELBody LBody)/K[0](695 0 obj SETOCI TOCI)], locationContext=null, errorMessage=null], 
TestAssertion [ruleId=RuleId [specification=ISO 14289-1:2014, clause=7.2, testNumber=26], status=failed,
message=TOCI element should be contained in TOC element,
location=Location [level=CosDocument, context=root/document[0]/StructTreeRoot[0](597 0 obj PDStructTreeRoot)/K[0](599 0 obj SEDocument Document)/K[1](629 0 obj SEPart Part)/K[0](657 0 obj SESect Sect)/K[0](658 0 obj SETOC TOC)/K[2](661 0 obj SETOCI TOCI)/K[0](698 0 obj SEL L)/K[0](699 0 obj SELI LI)/K[1](701 0 obj SELBody LBody)/K[0](702 0 obj SETOCI TOCI)], locationContext=null, errorMessage=null], 
TestAssertion [ruleId=RuleId [specification=ISO 14289-1:2014, clause=7.2, testNumber=26], status=failed,
message=TOCI element should be contained in TOC element,
location=Location [level=CosDocument, context=root/document[0]/StructTreeRoot[0](597 0 obj PDStructTreeRoot)/K[0](599 0 obj SEDocument Document)/K[1](629 0 obj SEPart Part)/K[0](657 0 obj SESect Sect)/K[0](658 0 obj SETOC TOC)/K[3](662 0 obj SETOCI TOCI)/K[0](705 0 obj SEL L)/K[0](706 0 obj SELI LI)/K[1](708 0 obj SELBody LBody)/K[0](709 0 obj SETOCI TOCI)], locationContext=null, errorMessage=null], 
TestAssertion [ruleId=RuleId [specification=ISO 14289-1:2014, clause=7.2, testNumber=26], status=failed,
message=TOCI element should be contained in TOC element,
location=Location [level=CosDocument, context=root/document[0]/StructTreeRoot[0](597 0 obj PDStructTreeRoot)/K[0](599 0 obj SEDocument Document)/K[1](629 0 obj SEPart Part)/K[0](657 0 obj SESect Sect)/K[0](658 0 obj SETOC TOC)/K[4](663 0 obj SETOCI TOCI)/K[0](712 0 obj SEL L)/K[0](713 0 obj SELI LI)/K[1](715 0 obj SELBody LBody)/K[0](716 0 obj SETOCI TOCI)], locationContext=null, errorMessage=null], 
TestAssertion [ruleId=RuleId [specification=ISO 14289-1:2014, clause=7.2, testNumber=26], status=failed,
message=TOCI element should be contained in TOC element,
location=Location [level=CosDocument, context=root/document[0]/StructTreeRoot[0](597 0 obj PDStructTreeRoot)/K[0](599 0 obj SEDocument Document)/K[1](629 0 obj SEPart Part)/K[0](657 0 obj SESect Sect)/K[0](658 0 obj SETOC TOC)/K[5](664 0 obj SETOCI TOCI)/K[0](719 0 obj SEL L)/K[0](720 0 obj SELI LI)/K[1](722 0 obj SELBody LBody)/K[0](723 0 obj SETOCI TOCI)], locationContext=null, errorMessage=null], 
TestAssertion [ruleId=RuleId [specification=ISO 14289-1:2014, clause=7.2, testNumber=26], status=failed,
message=TOCI element should be contained in TOC element,
location=Location [level=CosDocument, context=root/document[0]/StructTreeRoot[0](597 0 obj PDStructTreeRoot)/K[0](599 0 obj SEDocument Document)/K[1](629 0 obj SEPart Part)/K[0](657 0 obj SESect Sect)/K[0](658 0 obj SETOC TOC)/K[6](665 0 obj SETOCI TOCI)/K[0](726 0 obj SEL L)/K[0](727 0 obj SELI LI)/K[1](729 0 obj SELBody LBody)/K[0](730 0 obj SETOCI TOCI)], locationContext=null, errorMessage=null], 
TestAssertion [ruleId=RuleId [specification=ISO 14289-1:2014, clause=7.2, testNumber=26], status=failed,
message=TOCI element should be contained in TOC element,
location=Location [level=CosDocument, context=root/document[0]/StructTreeRoot[0](597 0 obj PDStructTreeRoot)/K[0](599 0 obj SEDocument Document)/K[1](629 0 obj SEPart Part)/K[0](657 0 obj SESect Sect)/K[0](658 0 obj SETOC TOC)/K[7](666 0 obj SETOCI TOCI)/K[0](733 0 obj SEL L)/K[0](734 0 obj SELI LI)/K[1](736 0 obj SELBody LBody)/K[0](737 0 obj SETOCI TOCI)], locationContext=null, errorMessage=null], 
TestAssertion [ruleId=RuleId [specification=ISO 14289-1:2014, clause=7.2, testNumber=26], status=failed,
message=TOCI element should be contained in TOC element,
location=Location [level=CosDocument, context=root/document[0]/StructTreeRoot[0](597 0 obj PDStructTreeRoot)/K[0](599 0 obj SEDocument Document)/K[1](629 0 obj SEPart Part)/K[0](657 0 obj SESect Sect)/K[0](658 0 obj SETOC TOC)/K[8](667 0 obj SETOCI TOCI)/K[0](741 0 obj SEL L)/K[0](742 0 obj SELI LI)/K[1](744 0 obj SELBody LBody)/K[0](745 0 obj SETOCI TOCI)], locationContext=null, errorMessage=null], 
TestAssertion [ruleId=RuleId [specification=ISO 14289-1:2014, clause=7.2, testNumber=26], status=failed,
message=TOCI element should be contained in TOC element,
location=Location [level=CosDocument, context=root/document[0]/StructTreeRoot[0](597 0 obj PDStructTreeRoot)/K[0](599 0 obj SEDocument Document)/K[1](629 0 obj SEPart Part)/K[0](657 0 obj SESect Sect)/K[0](658 0 obj SETOC TOC)/K[9](668 0 obj SETOCI TOCI)/K[0](748 0 obj SEL L)/K[0](749 0 obj SELI LI)/K[1](751 0 obj SELBody LBody)/K[0](752 0 obj SETOCI TOCI)], locationContext=null, errorMessage=null], 
TestAssertion [ruleId=RuleId [specification=ISO 14289-1:2014, clause=7.2, testNumber=26], status=failed,
message=TOCI element should be contained in TOC element,
location=Location [level=CosDocument, context=root/document[0]/StructTreeRoot[0](597 0 obj PDStructTreeRoot)/K[0](599 0 obj SEDocument Document)/K[1](629 0 obj SEPart Part)/K[0](657 0 obj SESect Sect)/K[0](658 0 obj SETOC TOC)/K[10](669 0 obj SETOCI TOCI)/K[0](755 0 obj SEL L)/K[0](756 0 obj SELI LI)/K[1](758 0 obj SELBody LBody)/K[0](759 0 obj SETOCI TOCI)], locationContext=null, errorMessage=null], 
TestAssertion [ruleId=RuleId [specification=ISO 14289-1:2014, clause=7.2, testNumber=26], status=failed,
message=TOCI element should be contained in TOC element,
location=Location [level=CosDocument, context=root/document[0]/StructTreeRoot[0](597 0 obj PDStructTreeRoot)/K[0](599 0 obj SEDocument Document)/K[1](629 0 obj SEPart Part)/K[0](657 0 obj SESect Sect)/K[0](658 0 obj SETOC TOC)/K[11](670 0 obj SETOCI TOCI)/K[0](762 0 obj SEL L)/K[0](763 0 obj SELI LI)/K[1](765 0 obj SELBody LBody)/K[0](766 0 obj SETOCI TOCI)], locationContext=null, errorMessage=null], 
TestAssertion [ruleId=RuleId [specification=ISO 14289-1:2014, clause=7.2, testNumber=26], status=failed,
message=TOCI element should be contained in TOC element,
location=Location [level=CosDocument, context=root/document[0]/StructTreeRoot[0](597 0 obj PDStructTreeRoot)/K[0](599 0 obj SEDocument Document)/K[1](629 0 obj SEPart Part)/K[0](657 0 obj SESect Sect)/K[0](658 0 obj SETOC TOC)/K[12](671 0 obj SETOCI TOCI)/K[0](769 0 obj SEL L)/K[0](770 0 obj SELI LI)/K[1](772 0 obj SELBody LBody)/K[0](773 0 obj SETOCI TOCI)], locationContext=null, errorMessage=null], 
TestAssertion [ruleId=RuleId [specification=ISO 14289-1:2014, clause=7.2, testNumber=26], status=failed,
message=TOCI element should be contained in TOC element,
location=Location [level=CosDocument, context=root/document[0]/StructTreeRoot[0](597 0 obj PDStructTreeRoot)/K[0](599 0 obj SEDocument Document)/K[1](629 0 obj SEPart Part)/K[0](657 0 obj SESect Sect)/K[0](658 0 obj SETOC TOC)/K[13](672 0 obj SETOCI TOCI)/K[0](776 0 obj SEL L)/K[0](777 0 obj SELI LI)/K[1](779 0 obj SELBody LBody)/K[0](780 0 obj SETOCI TOCI)], locationContext=null, errorMessage=null], 
TestAssertion [ruleId=RuleId [specification=ISO 14289-1:2014, clause=7.2, testNumber=26], status=failed,
message=TOCI element should be contained in TOC element,
location=Location [level=CosDocument, context=root/document[0]/StructTreeRoot[0](597 0 obj PDStructTreeRoot)/K[0](599 0 obj SEDocument Document)/K[1](629 0 obj SEPart Part)/K[0](657 0 obj SESect Sect)/K[0](658 0 obj SETOC TOC)/K[14](673 0 obj SETOCI TOCI)/K[0](783 0 obj SEL L)/K[0](784 0 obj SELI LI)/K[1](786 0 obj SELBody LBody)/K[0](787 0 obj SETOCI TOCI)], locationContext=null, errorMessage=null], 
TestAssertion [ruleId=RuleId [specification=ISO 14289-1:2014, clause=7.2, testNumber=26], status=failed,
message=TOCI element should be contained in TOC element,
location=Location [level=CosDocument, context=root/document[0]/StructTreeRoot[0](597 0 obj PDStructTreeRoot)/K[0](599 0 obj SEDocument Document)/K[1](629 0 obj SEPart Part)/K[0](657 0 obj SESect Sect)/K[0](658 0 obj SETOC TOC)/K[15](674 0 obj SETOCI TOCI)/K[0](790 0 obj SEL L)/K[0](791 0 obj SELI LI)/K[1](793 0 obj SELBody LBody)/K[0](794 0 obj SETOCI TOCI)], locationContext=null, errorMessage=null], 
TestAssertion [ruleId=RuleId [specification=ISO 14289-1:2014, clause=7.2, testNumber=26], status=failed,
message=TOCI element should be contained in TOC element,
location=Location [level=CosDocument, context=root/document[0]/StructTreeRoot[0](597 0 obj PDStructTreeRoot)/K[0](599 0 obj SEDocument Document)/K[1](629 0 obj SEPart Part)/K[0](657 0 obj SESect Sect)/K[0](658 0 obj SETOC TOC)/K[16](675 0 obj SETOCI TOCI)/K[0](797 0 obj SEL L)/K[0](799 0 obj SELI LI)/K[1](801 0 obj SELBody LBody)/K[0](802 0 obj SETOCI TOCI)], locationContext=null, errorMessage=null], 
TestAssertion [ruleId=RuleId [specification=ISO 14289-1:2014, clause=7.2, testNumber=26], status=failed,
message=TOCI element should be contained in TOC element,
location=Location [level=CosDocument, context=root/document[0]/StructTreeRoot[0](597 0 obj PDStructTreeRoot)/K[0](599 0 obj SEDocument Document)/K[1](629 0 obj SEPart Part)/K[0](657 0 obj SESect Sect)/K[0](658 0 obj SETOC TOC)/K[17](676 0 obj SETOCI TOCI)/K[0](805 0 obj SEL L)/K[0](806 0 obj SELI LI)/K[1](808 0 obj SELBody LBody)/K[0](809 0 obj SETOCI TOCI)], locationContext=null, errorMessage=null], 
TestAssertion [ruleId=RuleId [specification=ISO 14289-1:2014, clause=7.2, testNumber=26], status=failed,
message=TOCI element should be contained in TOC element,
location=Location [level=CosDocument, context=root/document[0]/StructTreeRoot[0](597 0 obj PDStructTreeRoot)/K[0](599 0 obj SEDocument Document)/K[1](629 0 obj SEPart Part)/K[0](657 0 obj SESect Sect)/K[0](658 0 obj SETOC TOC)/K[18](677 0 obj SETOCI TOCI)/K[0](812 0 obj SEL L)/K[0](813 0 obj SELI LI)/K[1](815 0 obj SELBody LBody)/K[0](816 0 obj SETOCI TOCI)], locationContext=null, errorMessage=null], 
TestAssertion [ruleId=RuleId [specification=ISO 14289-1:2014, clause=7.2, testNumber=26], status=failed,
message=TOCI element should be contained in TOC element,
location=Location [level=CosDocument, context=root/document[0]/StructTreeRoot[0](597 0 obj PDStructTreeRoot)/K[0](599 0 obj SEDocument Document)/K[1](629 0 obj SEPart Part)/K[0](657 0 obj SESect Sect)/K[0](658 0 obj SETOC TOC)/K[19](678 0 obj SETOCI TOCI)/K[0](819 0 obj SEL L)/K[0](820 0 obj SELI LI)/K[1](822 0 obj SELBody LBody)/K[0](823 0 obj SETOCI TOCI)], locationContext=null, errorMessage=null], 
TestAssertion [ruleId=RuleId [specification=ISO 14289-1:2014, clause=7.2, testNumber=26], status=failed,
message=TOCI element should be contained in TOC element,
location=Location [level=CosDocument, context=root/document[0]/StructTreeRoot[0](597 0 obj PDStructTreeRoot)/K[0](599 0 obj SEDocument Document)/K[1](629 0 obj SEPart Part)/K[0](657 0 obj SESect Sect)/K[0](658 0 obj SETOC TOC)/K[20](679 0 obj SETOCI TOCI)/K[0](826 0 obj SEL L)/K[0](827 0 obj SELI LI)/K[1](829 0 obj SELBody LBody)/K[0](830 0 obj SETOCI TOCI)], locationContext=null, errorMessage=null], 
TestAssertion [ruleId=RuleId [specification=ISO 14289-1:2014, clause=7.2, testNumber=26], status=failed,
message=TOCI element should be contained in TOC element,
location=Location [level=CosDocument, context=root/document[0]/StructTreeRoot[0](597 0 obj PDStructTreeRoot)/K[0](599 0 obj SEDocument Document)/K[1](629 0 obj SEPart Part)/K[0](657 0 obj SESect Sect)/K[0](658 0 obj SETOC TOC)/K[21](680 0 obj SETOCI TOCI)/K[0](833 0 obj SEL L)/K[0](834 0 obj SELI LI)/K[1](836 0 obj SELBody LBody)/K[0](837 0 obj SETOCI TOCI)], locationContext=null, errorMessage=null], 
TestAssertion [ruleId=RuleId [specification=ISO 14289-1:2014, clause=7.2, testNumber=26], status=failed,
message=TOCI element should be contained in TOC element,
location=Location [level=CosDocument, context=root/document[0]/StructTreeRoot[0](597 0 obj PDStructTreeRoot)/K[0](599 0 obj SEDocument Document)/K[1](629 0 obj SEPart Part)/K[0](657 0 obj SESect Sect)/K[0](658 0 obj SETOC TOC)/K[22](681 0 obj SETOCI TOCI)/K[0](840 0 obj SEL L)/K[0](841 0 obj SELI LI)/K[1](843 0 obj SELBody LBody)/K[0](844 0 obj SETOCI TOCI)], locationContext=null, errorMessage=null], 
TestAssertion [ruleId=RuleId [specification=ISO 14289-1:2014, clause=7.2, testNumber=26], status=failed,
message=TOCI element should be contained in TOC element,
location=Location [level=CosDocument, context=root/document[0]/StructTreeRoot[0](597 0 obj PDStructTreeRoot)/K[0](599 0 obj SEDocument Document)/K[1](629 0 obj SEPart Part)/K[0](657 0 obj SESect Sect)/K[0](658 0 obj SETOC TOC)/K[23](682 0 obj SETOCI TOCI)/K[0](847 0 obj SEL L)/K[0](848 0 obj SELI LI)/K[1](850 0 obj SELBody LBody)/K[0](851 0 obj SETOCI TOCI)], locationContext=null, errorMessage=null], 
TestAssertion [ruleId=RuleId [specification=ISO 14289-1:2014, clause=7.2, testNumber=26], status=failed,
message=TOCI element should be contained in TOC element,
location=Location [level=CosDocument, context=root/document[0]/StructTreeRoot[0](597 0 obj PDStructTreeRoot)/K[0](599 0 obj SEDocument Document)/K[1](629 0 obj SEPart Part)/K[0](657 0 obj SESect Sect)/K[0](658 0 obj SETOC TOC)/K[24](683 0 obj SETOCI TOCI)/K[0](854 0 obj SEL L)/K[0](855 0 obj SELI LI)/K[1](857 0 obj SELBody LBody)/K[0](859 0 obj SETOCI TOCI)], locationContext=null, errorMessage=null]], isCompliant=false]
