Page #1: Font "Noto Serif JP,normal,900" not found. Substituting with "Noto Serif JP,normal,700".
Page #1: Font "Noto Serif JP,normal,500" not found. Substituting with "Noto Serif JP,normal,400".
Page #1: Font "Noto Serif JP,normal,200" not found. Substituting with "Noto Serif JP,normal,400".
PDF/A mode is active. Embedding a PDF file may result in a non-compliant file!
Page #2: Font "Noto Serif JP,normal,200" not found. Substituting with "Noto Serif JP,normal,400".
Page #2: Font "Noto Sans JP,normal,500" not found. Substituting with "Noto Sans JP,normal,400".
Page #3: Font "Noto Serif JP,normal,200" not found. Substituting with "Noto Serif JP,normal,400".
Page #3: Font "Noto Sans JP,normal,500" not found. Substituting with "Noto Sans JP,normal,400".
The contents of fo:inline line 1 exceed the available area in the inline-progression direction by 7142 millipoints. (See position 3:12853)
Please check the PDF and if necessary, report this issue at the following link: https://github.com/metanorma/mn-native-pdf/issues/new, and attach the XSL-FO file or fragment: '/__w/laozi/laozi/_site/documents/shengui.pdf.fo.xml'.
The contents of fo:inline line 1 exceed the available area in the inline-progression direction by 7142 millipoints. (See position 4:2721)
Please check the PDF and if necessary, report this issue at the following link: https://github.com/metanorma/mn-native-pdf/issues/new, and attach the XSL-FO file or fragment: '/__w/laozi/laozi/_site/documents/shengui.pdf.fo.xml'.
The contents of fo:inline line 1 exceed the available area in the inline-progression direction by 7142 millipoints. (See position 5:2267)
Please check the PDF and if necessary, report this issue at the following link: https://github.com/metanorma/mn-native-pdf/issues/new, and attach the XSL-FO file or fragment: '/__w/laozi/laozi/_site/documents/shengui.pdf.fo.xml'.
The contents of fo:inline line 1 exceed the available area in the inline-progression direction by 7142 millipoints. (See position 6:2261)
Please check the PDF and if necessary, report this issue at the following link: https://github.com/metanorma/mn-native-pdf/issues/new, and attach the XSL-FO file or fragment: '/__w/laozi/laozi/_site/documents/shengui.pdf.fo.xml'.
The contents of fo:inline line 1 exceed the available area in the inline-progression direction by 7142 millipoints. (See position 7:2263)
Please check the PDF and if necessary, report this issue at the following link: https://github.com/metanorma/mn-native-pdf/issues/new, and attach the XSL-FO file or fragment: '/__w/laozi/laozi/_site/documents/shengui.pdf.fo.xml'.
The contents of fo:inline line 1 exceed the available area in the inline-progression direction by 7142 millipoints. (See position 8:2709)
Please check the PDF and if necessary, report this issue at the following link: https://github.com/metanorma/mn-native-pdf/issues/new, and attach the XSL-FO file or fragment: '/__w/laozi/laozi/_site/documents/shengui.pdf.fo.xml'.
The contents of fo:inline line 1 exceed the available area in the inline-progression direction by 7142 millipoints. (See position 9:1831)
Please check the PDF and if necessary, report this issue at the following link: https://github.com/metanorma/mn-native-pdf/issues/new, and attach the XSL-FO file or fragment: '/__w/laozi/laozi/_site/documents/shengui.pdf.fo.xml'.
The contents of fo:inline line 1 exceed the available area in the inline-progression direction by 7142 millipoints. (See position 10:2263)
Please check the PDF and if necessary, report this issue at the following link: https://github.com/metanorma/mn-native-pdf/issues/new, and attach the XSL-FO file or fragment: '/__w/laozi/laozi/_site/documents/shengui.pdf.fo.xml'.
The contents of fo:inline line 1 exceed the available area in the inline-progression direction by 7142 millipoints. (See position 11:2721)
Please check the PDF and if necessary, report this issue at the following link: https://github.com/metanorma/mn-native-pdf/issues/new, and attach the XSL-FO file or fragment: '/__w/laozi/laozi/_site/documents/shengui.pdf.fo.xml'.
The contents of fo:inline line 1 exceed the available area in the inline-progression direction by 7142 millipoints. (See position 32:6250)
Please check the PDF and if necessary, report this issue at the following link: https://github.com/metanorma/mn-native-pdf/issues/new, and attach the XSL-FO file or fragment: '/__w/laozi/laozi/_site/documents/shengui.pdf.fo.xml'.
The contents of fo:inline line 1 exceed the available area in the inline-progression direction by 7142 millipoints. (See position 33:1825)
Please check the PDF and if necessary, report this issue at the following link: https://github.com/metanorma/mn-native-pdf/issues/new, and attach the XSL-FO file or fragment: '/__w/laozi/laozi/_site/documents/shengui.pdf.fo.xml'.
The contents of fo:inline line 1 exceed the available area in the inline-progression direction by 7142 millipoints. (See position 34:2258)
Please check the PDF and if necessary, report this issue at the following link: https://github.com/metanorma/mn-native-pdf/issues/new, and attach the XSL-FO file or fragment: '/__w/laozi/laozi/_site/documents/shengui.pdf.fo.xml'.
The contents of fo:inline line 1 exceed the available area in the inline-progression direction by 7142 millipoints. (See position 35:2263)
Please check the PDF and if necessary, report this issue at the following link: https://github.com/metanorma/mn-native-pdf/issues/new, and attach the XSL-FO file or fragment: '/__w/laozi/laozi/_site/documents/shengui.pdf.fo.xml'.
The contents of fo:inline line 1 exceed the available area in the inline-progression direction by 7142 millipoints. (See position 36:2267)
Please check the PDF and if necessary, report this issue at the following link: https://github.com/metanorma/mn-native-pdf/issues/new, and attach the XSL-FO file or fragment: '/__w/laozi/laozi/_site/documents/shengui.pdf.fo.xml'.
The contents of fo:inline line 1 exceed the available area in the inline-progression direction by 7142 millipoints. (See position 37:3127)
Please check the PDF and if necessary, report this issue at the following link: https://github.com/metanorma/mn-native-pdf/issues/new, and attach the XSL-FO file or fragment: '/__w/laozi/laozi/_site/documents/shengui.pdf.fo.xml'.
The contents of fo:inline line 1 exceed the available area in the inline-progression direction by 7142 millipoints. (See position 38:1828)
Please check the PDF and if necessary, report this issue at the following link: https://github.com/metanorma/mn-native-pdf/issues/new, and attach the XSL-FO file or fragment: '/__w/laozi/laozi/_site/documents/shengui.pdf.fo.xml'.
The contents of fo:inline line 1 exceed the available area in the inline-progression direction by 7142 millipoints. (See position 39:2693)
Please check the PDF and if necessary, report this issue at the following link: https://github.com/metanorma/mn-native-pdf/issues/new, and attach the XSL-FO file or fragment: '/__w/laozi/laozi/_site/documents/shengui.pdf.fo.xml'.
The contents of fo:inline line 1 exceed the available area in the inline-progression direction by 7142 millipoints. (See position 40:2265)
Please check the PDF and if necessary, report this issue at the following link: https://github.com/metanorma/mn-native-pdf/issues/new, and attach the XSL-FO file or fragment: '/__w/laozi/laozi/_site/documents/shengui.pdf.fo.xml'.
The contents of fo:inline line 1 exceed the available area in the inline-progression direction by 7142 millipoints. (See position 68:3410)
Please check the PDF and if necessary, report this issue at the following link: https://github.com/metanorma/mn-native-pdf/issues/new, and attach the XSL-FO file or fragment: '/__w/laozi/laozi/_site/documents/shengui.pdf.fo.xml'.
The contents of fo:inline line 1 exceed the available area in the inline-progression direction by 7142 millipoints. (See position 69:2256)
Please check the PDF and if necessary, report this issue at the following link: https://github.com/metanorma/mn-native-pdf/issues/new, and attach the XSL-FO file or fragment: '/__w/laozi/laozi/_site/documents/shengui.pdf.fo.xml'.
The contents of fo:inline line 1 exceed the available area in the inline-progression direction by 7142 millipoints. (See position 70:1825)
Please check the PDF and if necessary, report this issue at the following link: https://github.com/metanorma/mn-native-pdf/issues/new, and attach the XSL-FO file or fragment: '/__w/laozi/laozi/_site/documents/shengui.pdf.fo.xml'.
The contents of fo:inline line 1 exceed the available area in the inline-progression direction by 7142 millipoints. (See position 71:2258)
Please check the PDF and if necessary, report this issue at the following link: https://github.com/metanorma/mn-native-pdf/issues/new, and attach the XSL-FO file or fragment: '/__w/laozi/laozi/_site/documents/shengui.pdf.fo.xml'.
The contents of fo:inline line 1 exceed the available area in the inline-progression direction by 7142 millipoints. (See position 72:2261)
Please check the PDF and if necessary, report this issue at the following link: https://github.com/metanorma/mn-native-pdf/issues/new, and attach the XSL-FO file or fragment: '/__w/laozi/laozi/_site/documents/shengui.pdf.fo.xml'.
The contents of fo:inline line 1 exceed the available area in the inline-progression direction by 7142 millipoints. (See position 73:2718)
Please check the PDF and if necessary, report this issue at the following link: https://github.com/metanorma/mn-native-pdf/issues/new, and attach the XSL-FO file or fragment: '/__w/laozi/laozi/_site/documents/shengui.pdf.fo.xml'.
The contents of fo:inline line 1 exceed the available area in the inline-progression direction by 7142 millipoints. (See position 74:2257)
Please check the PDF and if necessary, report this issue at the following link: https://github.com/metanorma/mn-native-pdf/issues/new, and attach the XSL-FO file or fragment: '/__w/laozi/laozi/_site/documents/shengui.pdf.fo.xml'.
The contents of fo:inline line 1 exceed the available area in the inline-progression direction by 7142 millipoints. (See position 75:1826)
Please check the PDF and if necessary, report this issue at the following link: https://github.com/metanorma/mn-native-pdf/issues/new, and attach the XSL-FO file or fragment: '/__w/laozi/laozi/_site/documents/shengui.pdf.fo.xml'.
The contents of fo:inline line 1 exceed the available area in the inline-progression direction by 7142 millipoints. (See position 76:2259)
Please check the PDF and if necessary, report this issue at the following link: https://github.com/metanorma/mn-native-pdf/issues/new, and attach the XSL-FO file or fragment: '/__w/laozi/laozi/_site/documents/shengui.pdf.fo.xml'.
The contents of fo:inline line 1 exceed the available area in the inline-progression direction by 7142 millipoints. (See position 111:5333)
Please check the PDF and if necessary, report this issue at the following link: https://github.com/metanorma/mn-native-pdf/issues/new, and attach the XSL-FO file or fragment: '/__w/laozi/laozi/_site/documents/shengui.pdf.fo.xml'.
The contents of fo:inline line 1 exceed the available area in the inline-progression direction by 7142 millipoints. (See position 112:1823)
Please check the PDF and if necessary, report this issue at the following link: https://github.com/metanorma/mn-native-pdf/issues/new, and attach the XSL-FO file or fragment: '/__w/laozi/laozi/_site/documents/shengui.pdf.fo.xml'.
The contents of fo:inline line 1 exceed the available area in the inline-progression direction by 7142 millipoints. (See position 113:2256)
Please check the PDF and if necessary, report this issue at the following link: https://github.com/metanorma/mn-native-pdf/issues/new, and attach the XSL-FO file or fragment: '/__w/laozi/laozi/_site/documents/shengui.pdf.fo.xml'.
The contents of fo:inline line 1 exceed the available area in the inline-progression direction by 7142 millipoints. (See position 114:2265)
Please check the PDF and if necessary, report this issue at the following link: https://github.com/metanorma/mn-native-pdf/issues/new, and attach the XSL-FO file or fragment: '/__w/laozi/laozi/_site/documents/shengui.pdf.fo.xml'.
The contents of fo:inline line 1 exceed the available area in the inline-progression direction by 7142 millipoints. (See position 115:1823)
Please check the PDF and if necessary, report this issue at the following link: https://github.com/metanorma/mn-native-pdf/issues/new, and attach the XSL-FO file or fragment: '/__w/laozi/laozi/_site/documents/shengui.pdf.fo.xml'.
The contents of fo:inline line 1 exceed the available area in the inline-progression direction by 7142 millipoints. (See position 116:1823)
Please check the PDF and if necessary, report this issue at the following link: https://github.com/metanorma/mn-native-pdf/issues/new, and attach the XSL-FO file or fragment: '/__w/laozi/laozi/_site/documents/shengui.pdf.fo.xml'.
The contents of fo:inline line 1 exceed the available area in the inline-progression direction by 7142 millipoints. (See position 117:1823)
Please check the PDF and if necessary, report this issue at the following link: https://github.com/metanorma/mn-native-pdf/issues/new, and attach the XSL-FO file or fragment: '/__w/laozi/laozi/_site/documents/shengui.pdf.fo.xml'.
The contents of fo:inline line 1 exceed the available area in the inline-progression direction by 7142 millipoints. (See position 118:2256)
Please check the PDF and if necessary, report this issue at the following link: https://github.com/metanorma/mn-native-pdf/issues/new, and attach the XSL-FO file or fragment: '/__w/laozi/laozi/_site/documents/shengui.pdf.fo.xml'.
The contents of fo:inline line 1 exceed the available area in the inline-progression direction by 7142 millipoints. (See position 119:1828)
Please check the PDF and if necessary, report this issue at the following link: https://github.com/metanorma/mn-native-pdf/issues/new, and attach the XSL-FO file or fragment: '/__w/laozi/laozi/_site/documents/shengui.pdf.fo.xml'.
The contents of fo:inline line 1 exceed the available area in the inline-progression direction by 7142 millipoints. (See position 168:3841)
Please check the PDF and if necessary, report this issue at the following link: https://github.com/metanorma/mn-native-pdf/issues/new, and attach the XSL-FO file or fragment: '/__w/laozi/laozi/_site/documents/shengui.pdf.fo.xml'.
The contents of fo:inline line 1 exceed the available area in the inline-progression direction by 7142 millipoints. (See position 169:2264)
Please check the PDF and if necessary, report this issue at the following link: https://github.com/metanorma/mn-native-pdf/issues/new, and attach the XSL-FO file or fragment: '/__w/laozi/laozi/_site/documents/shengui.pdf.fo.xml'.
The contents of fo:inline line 1 exceed the available area in the inline-progression direction by 7142 millipoints. (See position 170:2263)
Please check the PDF and if necessary, report this issue at the following link: https://github.com/metanorma/mn-native-pdf/issues/new, and attach the XSL-FO file or fragment: '/__w/laozi/laozi/_site/documents/shengui.pdf.fo.xml'.
The contents of fo:inline line 1 exceed the available area in the inline-progression direction by 7142 millipoints. (See position 171:1833)
Please check the PDF and if necessary, report this issue at the following link: https://github.com/metanorma/mn-native-pdf/issues/new, and attach the XSL-FO file or fragment: '/__w/laozi/laozi/_site/documents/shengui.pdf.fo.xml'.
The contents of fo:inline line 1 exceed the available area in the inline-progression direction by 7142 millipoints. (See position 172:1827)
Please check the PDF and if necessary, report this issue at the following link: https://github.com/metanorma/mn-native-pdf/issues/new, and attach the XSL-FO file or fragment: '/__w/laozi/laozi/_site/documents/shengui.pdf.fo.xml'.
The contents of fo:inline line 1 exceed the available area in the inline-progression direction by 7142 millipoints. (See position 173:1827)
Please check the PDF and if necessary, report this issue at the following link: https://github.com/metanorma/mn-native-pdf/issues/new, and attach the XSL-FO file or fragment: '/__w/laozi/laozi/_site/documents/shengui.pdf.fo.xml'.
The contents of fo:inline line 1 exceed the available area in the inline-progression direction by 7142 millipoints. (See position 174:2261)
Please check the PDF and if necessary, report this issue at the following link: https://github.com/metanorma/mn-native-pdf/issues/new, and attach the XSL-FO file or fragment: '/__w/laozi/laozi/_site/documents/shengui.pdf.fo.xml'.
The contents of fo:inline line 1 exceed the available area in the inline-progression direction by 7142 millipoints. (See position 175:2261)
Please check the PDF and if necessary, report this issue at the following link: https://github.com/metanorma/mn-native-pdf/issues/new, and attach the XSL-FO file or fragment: '/__w/laozi/laozi/_site/documents/shengui.pdf.fo.xml'.
The contents of fo:inline line 1 exceed the available area in the inline-progression direction by 7142 millipoints. (See position 176:2269)
Please check the PDF and if necessary, report this issue at the following link: https://github.com/metanorma/mn-native-pdf/issues/new, and attach the XSL-FO file or fragment: '/__w/laozi/laozi/_site/documents/shengui.pdf.fo.xml'.
The contents of fo:inline line 1 exceed the available area in the inline-progression direction by 7142 millipoints. (See position 237:4001)
Please check the PDF and if necessary, report this issue at the following link: https://github.com/metanorma/mn-native-pdf/issues/new, and attach the XSL-FO file or fragment: '/__w/laozi/laozi/_site/documents/shengui.pdf.fo.xml'.
The contents of fo:inline line 1 exceed the available area in the inline-progression direction by 7142 millipoints. (See position 238:3992)
Please check the PDF and if necessary, report this issue at the following link: https://github.com/metanorma/mn-native-pdf/issues/new, and attach the XSL-FO file or fragment: '/__w/laozi/laozi/_site/documents/shengui.pdf.fo.xml'.
The contents of fo:inline line 1 exceed the available area in the inline-progression direction by 7142 millipoints. (See position 239:2261)
Please check the PDF and if necessary, report this issue at the following link: https://github.com/metanorma/mn-native-pdf/issues/new, and attach the XSL-FO file or fragment: '/__w/laozi/laozi/_site/documents/shengui.pdf.fo.xml'.
The contents of fo:inline line 1 exceed the available area in the inline-progression direction by 7142 millipoints. (See position 240:2725)
Please check the PDF and if necessary, report this issue at the following link: https://github.com/metanorma/mn-native-pdf/issues/new, and attach the XSL-FO file or fragment: '/__w/laozi/laozi/_site/documents/shengui.pdf.fo.xml'.
The contents of fo:inline line 1 exceed the available area in the inline-progression direction by 7142 millipoints. (See position 241:7533)
Please check the PDF and if necessary, report this issue at the following link: https://github.com/metanorma/mn-native-pdf/issues/new, and attach the XSL-FO file or fragment: '/__w/laozi/laozi/_site/documents/shengui.pdf.fo.xml'.
The contents of fo:inline line 1 exceed the available area in the inline-progression direction by 7142 millipoints. (See position 242:2256)
Please check the PDF and if necessary, report this issue at the following link: https://github.com/metanorma/mn-native-pdf/issues/new, and attach the XSL-FO file or fragment: '/__w/laozi/laozi/_site/documents/shengui.pdf.fo.xml'.
The contents of fo:inline line 1 exceed the available area in the inline-progression direction by 7142 millipoints. (See position 243:1827)
Please check the PDF and if necessary, report this issue at the following link: https://github.com/metanorma/mn-native-pdf/issues/new, and attach the XSL-FO file or fragment: '/__w/laozi/laozi/_site/documents/shengui.pdf.fo.xml'.
The contents of fo:inline line 1 exceed the available area in the inline-progression direction by 7142 millipoints. (See position 244:1827)
Please check the PDF and if necessary, report this issue at the following link: https://github.com/metanorma/mn-native-pdf/issues/new, and attach the XSL-FO file or fragment: '/__w/laozi/laozi/_site/documents/shengui.pdf.fo.xml'.
The contents of fo:inline line 1 exceed the available area in the inline-progression direction by 7142 millipoints. (See position 245:4454)
Please check the PDF and if necessary, report this issue at the following link: https://github.com/metanorma/mn-native-pdf/issues/new, and attach the XSL-FO file or fragment: '/__w/laozi/laozi/_site/documents/shengui.pdf.fo.xml'.
The contents of fo:inline line 1 exceed the available area in the inline-progression direction by 7142 millipoints. (See position 278:6240)
Please check the PDF and if necessary, report this issue at the following link: https://github.com/metanorma/mn-native-pdf/issues/new, and attach the XSL-FO file or fragment: '/__w/laozi/laozi/_site/documents/shengui.pdf.fo.xml'.
The contents of fo:inline line 1 exceed the available area in the inline-progression direction by 7142 millipoints. (See position 279:2261)
Please check the PDF and if necessary, report this issue at the following link: https://github.com/metanorma/mn-native-pdf/issues/new, and attach the XSL-FO file or fragment: '/__w/laozi/laozi/_site/documents/shengui.pdf.fo.xml'.
The contents of fo:inline line 1 exceed the available area in the inline-progression direction by 7142 millipoints. (See position 280:3130)
Please check the PDF and if necessary, report this issue at the following link: https://github.com/metanorma/mn-native-pdf/issues/new, and attach the XSL-FO file or fragment: '/__w/laozi/laozi/_site/documents/shengui.pdf.fo.xml'.
The contents of fo:inline line 1 exceed the available area in the inline-progression direction by 7142 millipoints. (See position 281:2273)
Please check the PDF and if necessary, report this issue at the following link: https://github.com/metanorma/mn-native-pdf/issues/new, and attach the XSL-FO file or fragment: '/__w/laozi/laozi/_site/documents/shengui.pdf.fo.xml'.
The contents of fo:inline line 1 exceed the available area in the inline-progression direction by 7142 millipoints. (See position 282:2280)
Please check the PDF and if necessary, report this issue at the following link: https://github.com/metanorma/mn-native-pdf/issues/new, and attach the XSL-FO file or fragment: '/__w/laozi/laozi/_site/documents/shengui.pdf.fo.xml'.
The contents of fo:inline line 1 exceed the available area in the inline-progression direction by 7142 millipoints. (See position 283:2697)
Please check the PDF and if necessary, report this issue at the following link: https://github.com/metanorma/mn-native-pdf/issues/new, and attach the XSL-FO file or fragment: '/__w/laozi/laozi/_site/documents/shengui.pdf.fo.xml'.
The contents of fo:inline line 1 exceed the available area in the inline-progression direction by 7142 millipoints. (See position 284:2267)
Please check the PDF and if necessary, report this issue at the following link: https://github.com/metanorma/mn-native-pdf/issues/new, and attach the XSL-FO file or fragment: '/__w/laozi/laozi/_site/documents/shengui.pdf.fo.xml'.
The contents of fo:inline line 1 exceed the available area in the inline-progression direction by 7142 millipoints. (See position 285:3560)
Please check the PDF and if necessary, report this issue at the following link: https://github.com/metanorma/mn-native-pdf/issues/new, and attach the XSL-FO file or fragment: '/__w/laozi/laozi/_site/documents/shengui.pdf.fo.xml'.
The contents of fo:inline line 1 exceed the available area in the inline-progression direction by 7142 millipoints. (See position 286:2786)
Please check the PDF and if necessary, report this issue at the following link: https://github.com/metanorma/mn-native-pdf/issues/new, and attach the XSL-FO file or fragment: '/__w/laozi/laozi/_site/documents/shengui.pdf.fo.xml'.
The contents of fo:inline line 1 exceed the available area in the inline-progression direction by 7142 millipoints. (See position 315:2964)
Please check the PDF and if necessary, report this issue at the following link: https://github.com/metanorma/mn-native-pdf/issues/new, and attach the XSL-FO file or fragment: '/__w/laozi/laozi/_site/documents/shengui.pdf.fo.xml'.
The contents of fo:inline line 1 exceed the available area in the inline-progression direction by 7142 millipoints. (See position 316:2261)
Please check the PDF and if necessary, report this issue at the following link: https://github.com/metanorma/mn-native-pdf/issues/new, and attach the XSL-FO file or fragment: '/__w/laozi/laozi/_site/documents/shengui.pdf.fo.xml'.
The contents of fo:inline line 1 exceed the available area in the inline-progression direction by 7142 millipoints. (See position 317:1825)
Please check the PDF and if necessary, report this issue at the following link: https://github.com/metanorma/mn-native-pdf/issues/new, and attach the XSL-FO file or fragment: '/__w/laozi/laozi/_site/documents/shengui.pdf.fo.xml'.
The contents of fo:inline line 1 exceed the available area in the inline-progression direction by 7142 millipoints. (See position 318:2258)
Please check the PDF and if necessary, report this issue at the following link: https://github.com/metanorma/mn-native-pdf/issues/new, and attach the XSL-FO file or fragment: '/__w/laozi/laozi/_site/documents/shengui.pdf.fo.xml'.
The contents of fo:inline line 1 exceed the available area in the inline-progression direction by 7142 millipoints. (See position 319:2265)
Please check the PDF and if necessary, report this issue at the following link: https://github.com/metanorma/mn-native-pdf/issues/new, and attach the XSL-FO file or fragment: '/__w/laozi/laozi/_site/documents/shengui.pdf.fo.xml'.
The contents of fo:inline line 1 exceed the available area in the inline-progression direction by 7142 millipoints. (See position 320:3182)
Please check the PDF and if necessary, report this issue at the following link: https://github.com/metanorma/mn-native-pdf/issues/new, and attach the XSL-FO file or fragment: '/__w/laozi/laozi/_site/documents/shengui.pdf.fo.xml'.
The contents of fo:inline line 1 exceed the available area in the inline-progression direction by 7142 millipoints. (See position 321:2273)
Please check the PDF and if necessary, report this issue at the following link: https://github.com/metanorma/mn-native-pdf/issues/new, and attach the XSL-FO file or fragment: '/__w/laozi/laozi/_site/documents/shengui.pdf.fo.xml'.
The contents of fo:inline line 1 exceed the available area in the inline-progression direction by 7142 millipoints. (See position 322:2274)
Please check the PDF and if necessary, report this issue at the following link: https://github.com/metanorma/mn-native-pdf/issues/new, and attach the XSL-FO file or fragment: '/__w/laozi/laozi/_site/documents/shengui.pdf.fo.xml'.
The contents of fo:inline line 1 exceed the available area in the inline-progression direction by 7142 millipoints. (See position 323:2689)
Please check the PDF and if necessary, report this issue at the following link: https://github.com/metanorma/mn-native-pdf/issues/new, and attach the XSL-FO file or fragment: '/__w/laozi/laozi/_site/documents/shengui.pdf.fo.xml'.
The contents of fo:inline line 1 exceed the available area in the inline-progression direction by 7142 millipoints. (See position 348:2964)
Please check the PDF and if necessary, report this issue at the following link: https://github.com/metanorma/mn-native-pdf/issues/new, and attach the XSL-FO file or fragment: '/__w/laozi/laozi/_site/documents/shengui.pdf.fo.xml'.
The contents of fo:inline line 1 exceed the available area in the inline-progression direction by 7142 millipoints. (See position 349:2262)
Please check the PDF and if necessary, report this issue at the following link: https://github.com/metanorma/mn-native-pdf/issues/new, and attach the XSL-FO file or fragment: '/__w/laozi/laozi/_site/documents/shengui.pdf.fo.xml'.
The contents of fo:inline line 1 exceed the available area in the inline-progression direction by 7142 millipoints. (See position 350:2273)
Please check the PDF and if necessary, report this issue at the following link: https://github.com/metanorma/mn-native-pdf/issues/new, and attach the XSL-FO file or fragment: '/__w/laozi/laozi/_site/documents/shengui.pdf.fo.xml'.
The contents of fo:inline line 1 exceed the available area in the inline-progression direction by 7142 millipoints. (See position 351:2274)
Please check the PDF and if necessary, report this issue at the following link: https://github.com/metanorma/mn-native-pdf/issues/new, and attach the XSL-FO file or fragment: '/__w/laozi/laozi/_site/documents/shengui.pdf.fo.xml'.
The contents of fo:inline line 1 exceed the available area in the inline-progression direction by 7142 millipoints. (See position 352:2706)
Please check the PDF and if necessary, report this issue at the following link: https://github.com/metanorma/mn-native-pdf/issues/new, and attach the XSL-FO file or fragment: '/__w/laozi/laozi/_site/documents/shengui.pdf.fo.xml'.
The contents of fo:inline line 1 exceed the available area in the inline-progression direction by 7142 millipoints. (See position 353:2275)
Please check the PDF and if necessary, report this issue at the following link: https://github.com/metanorma/mn-native-pdf/issues/new, and attach the XSL-FO file or fragment: '/__w/laozi/laozi/_site/documents/shengui.pdf.fo.xml'.
The contents of fo:inline line 1 exceed the available area in the inline-progression direction by 7142 millipoints. (See position 354:1834)
Please check the PDF and if necessary, report this issue at the following link: https://github.com/metanorma/mn-native-pdf/issues/new, and attach the XSL-FO file or fragment: '/__w/laozi/laozi/_site/documents/shengui.pdf.fo.xml'.
The contents of fo:inline line 1 exceed the available area in the inline-progression direction by 7142 millipoints. (See position 355:3157)
Please check the PDF and if necessary, report this issue at the following link: https://github.com/metanorma/mn-native-pdf/issues/new, and attach the XSL-FO file or fragment: '/__w/laozi/laozi/_site/documents/shengui.pdf.fo.xml'.
The contents of fo:inline line 1 exceed the available area in the inline-progression direction by 7142 millipoints. (See position 356:2267)
Please check the PDF and if necessary, report this issue at the following link: https://github.com/metanorma/mn-native-pdf/issues/new, and attach the XSL-FO file or fragment: '/__w/laozi/laozi/_site/documents/shengui.pdf.fo.xml'.
The contents of fo:inline line 1 exceed the available area in the inline-progression direction by 7142 millipoints. (See position 366:4011)
Please check the PDF and if necessary, report this issue at the following link: https://github.com/metanorma/mn-native-pdf/issues/new, and attach the XSL-FO file or fragment: '/__w/laozi/laozi/_site/documents/shengui.pdf.fo.xml'.
The contents of fo:inline line 1 exceed the available area in the inline-progression direction by 7142 millipoints. (See position 367:2260)
Please check the PDF and if necessary, report this issue at the following link: https://github.com/metanorma/mn-native-pdf/issues/new, and attach the XSL-FO file or fragment: '/__w/laozi/laozi/_site/documents/shengui.pdf.fo.xml'.
The contents of fo:inline line 1 exceed the available area in the inline-progression direction by 7142 millipoints. (See position 368:1831)
Please check the PDF and if necessary, report this issue at the following link: https://github.com/metanorma/mn-native-pdf/issues/new, and attach the XSL-FO file or fragment: '/__w/laozi/laozi/_site/documents/shengui.pdf.fo.xml'.
The contents of fo:inline line 1 exceed the available area in the inline-progression direction by 7142 millipoints. (See position 369:2263)
Please check the PDF and if necessary, report this issue at the following link: https://github.com/metanorma/mn-native-pdf/issues/new, and attach the XSL-FO file or fragment: '/__w/laozi/laozi/_site/documents/shengui.pdf.fo.xml'.
The contents of fo:inline line 1 exceed the available area in the inline-progression direction by 7142 millipoints. (See position 370:2724)
Please check the PDF and if necessary, report this issue at the following link: https://github.com/metanorma/mn-native-pdf/issues/new, and attach the XSL-FO file or fragment: '/__w/laozi/laozi/_site/documents/shengui.pdf.fo.xml'.
The contents of fo:inline line 1 exceed the available area in the inline-progression direction by 7142 millipoints. (See position 371:3194)
Please check the PDF and if necessary, report this issue at the following link: https://github.com/metanorma/mn-native-pdf/issues/new, and attach the XSL-FO file or fragment: '/__w/laozi/laozi/_site/documents/shengui.pdf.fo.xml'.
The contents of fo:inline line 1 exceed the available area in the inline-progression direction by 7142 millipoints. (See position 372:2271)
Please check the PDF and if necessary, report this issue at the following link: https://github.com/metanorma/mn-native-pdf/issues/new, and attach the XSL-FO file or fragment: '/__w/laozi/laozi/_site/documents/shengui.pdf.fo.xml'.
The contents of fo:inline line 1 exceed the available area in the inline-progression direction by 7142 millipoints. (See position 373:2264)
Please check the PDF and if necessary, report this issue at the following link: https://github.com/metanorma/mn-native-pdf/issues/new, and attach the XSL-FO file or fragment: '/__w/laozi/laozi/_site/documents/shengui.pdf.fo.xml'.
The contents of fo:inline line 1 exceed the available area in the inline-progression direction by 7142 millipoints. (See position 374:2271)
Please check the PDF and if necessary, report this issue at the following link: https://github.com/metanorma/mn-native-pdf/issues/new, and attach the XSL-FO file or fragment: '/__w/laozi/laozi/_site/documents/shengui.pdf.fo.xml'.
The contents of fo:inline line 1 exceed the available area in the inline-progression direction by 7142 millipoints. (See position 424:4456)
Please check the PDF and if necessary, report this issue at the following link: https://github.com/metanorma/mn-native-pdf/issues/new, and attach the XSL-FO file or fragment: '/__w/laozi/laozi/_site/documents/shengui.pdf.fo.xml'.
The contents of fo:inline line 1 exceed the available area in the inline-progression direction by 7142 millipoints. (See position 425:2265)
Please check the PDF and if necessary, report this issue at the following link: https://github.com/metanorma/mn-native-pdf/issues/new, and attach the XSL-FO file or fragment: '/__w/laozi/laozi/_site/documents/shengui.pdf.fo.xml'.
The contents of fo:inline line 1 exceed the available area in the inline-progression direction by 7142 millipoints. (See position 426:2265)
Please check the PDF and if necessary, report this issue at the following link: https://github.com/metanorma/mn-native-pdf/issues/new, and attach the XSL-FO file or fragment: '/__w/laozi/laozi/_site/documents/shengui.pdf.fo.xml'.
The contents of fo:inline line 1 exceed the available area in the inline-progression direction by 7142 millipoints. (See position 427:2267)
Please check the PDF and if necessary, report this issue at the following link: https://github.com/metanorma/mn-native-pdf/issues/new, and attach the XSL-FO file or fragment: '/__w/laozi/laozi/_site/documents/shengui.pdf.fo.xml'.
The contents of fo:inline line 1 exceed the available area in the inline-progression direction by 7142 millipoints. (See position 428:2731)
Please check the PDF and if necessary, report this issue at the following link: https://github.com/metanorma/mn-native-pdf/issues/new, and attach the XSL-FO file or fragment: '/__w/laozi/laozi/_site/documents/shengui.pdf.fo.xml'.
The contents of fo:inline line 1 exceed the available area in the inline-progression direction by 7142 millipoints. (See position 429:2261)
Please check the PDF and if necessary, report this issue at the following link: https://github.com/metanorma/mn-native-pdf/issues/new, and attach the XSL-FO file or fragment: '/__w/laozi/laozi/_site/documents/shengui.pdf.fo.xml'.
The contents of fo:inline line 1 exceed the available area in the inline-progression direction by 7142 millipoints. (See position 430:2258)
Please check the PDF and if necessary, report this issue at the following link: https://github.com/metanorma/mn-native-pdf/issues/new, and attach the XSL-FO file or fragment: '/__w/laozi/laozi/_site/documents/shengui.pdf.fo.xml'.
The contents of fo:inline line 1 exceed the available area in the inline-progression direction by 7142 millipoints. (See position 431:4051)
Please check the PDF and if necessary, report this issue at the following link: https://github.com/metanorma/mn-native-pdf/issues/new, and attach the XSL-FO file or fragment: '/__w/laozi/laozi/_site/documents/shengui.pdf.fo.xml'.
The contents of fo:inline line 1 exceed the available area in the inline-progression direction by 7142 millipoints. (See position 432:2264)
Please check the PDF and if necessary, report this issue at the following link: https://github.com/metanorma/mn-native-pdf/issues/new, and attach the XSL-FO file or fragment: '/__w/laozi/laozi/_site/documents/shengui.pdf.fo.xml'.
Page #36: Font "Noto Serif JP,normal,200" not found. Substituting with "Noto Serif JP,normal,400".
Page #37: Font "Noto Serif JP,normal,500" not found. Substituting with "Noto Serif JP,normal,400".
PDF/A mode is active. Embedding a PDF file may result in a non-compliant file!
