Page #1: Font "Noto Serif JP,normal,900" not found. Substituting with "Noto Serif JP,normal,700".
Page #1: Font "Noto Serif JP,normal,500" not found. Substituting with "Noto Serif JP,normal,400".
Page #1: Font "Noto Serif JP,normal,200" not found. Substituting with "Noto Serif JP,normal,400".
PDF/A mode is active. Embedding a PDF file may result in a non-compliant file!
Error while writing an image to the target file. Reason: java.lang.RuntimeException: Error on PDF page: file:////__w/laozi/laozi/_site/documents/_tmp_images_777a03b3-754d-4932-a9c4-515b0812ad10/a4857fb7-5166-4da1-bb9a-c56d47b99ab5.pdf 'boolean org.apache.fop.pdf.PDFDocument.isMergeFontsEnabled()'
java.lang.RuntimeException: Error on PDF page: file:////__w/laozi/laozi/_site/documents/_tmp_images_777a03b3-754d-4932-a9c4-515b0812ad10/a4857fb7-5166-4da1-bb9a-c56d47b99ab5.pdf 'boolean org.apache.fop.pdf.PDFDocument.isMergeFontsEnabled()'
	at org.apache.fop.render.pdf.pdfbox.PDFBoxImageHandler.handleImage(PDFBoxImageHandler.java:95)
	at org.apache.fop.render.intermediate.AbstractIFPainter.drawImage(AbstractIFPainter.java:260)
	at org.apache.fop.render.intermediate.AbstractIFPainter.drawImage(AbstractIFPainter.java:217)
	at org.apache.fop.render.intermediate.AbstractIFPainter.drawImageUsingImageHandler(AbstractIFPainter.java:176)
	at org.apache.fop.render.pdf.PDFPainter.drawImageUsingURI(PDFPainter.java:295)
	at org.apache.fop.render.pdf.PDFPainter.drawUncachedImage(PDFPainter.java:194)
	at org.apache.fop.render.pdf.PDFPainter.drawImage(PDFPainter.java:177)
	at org.apache.fop.render.intermediate.IFRenderer.drawImage(IFRenderer.java:1361)
	at org.apache.fop.render.intermediate.IFRenderer.renderImage(IFRenderer.java:1348)
	at org.apache.fop.render.AbstractRenderer.renderInlineViewport(AbstractRenderer.java:1029)
	at org.apache.fop.render.AbstractPathOrientedRenderer.renderInlineViewport(AbstractPathOrientedRenderer.java:836)
	at org.apache.fop.render.intermediate.IFRenderer.renderInlineViewport(IFRenderer.java:866)
	at org.apache.fop.render.AbstractRenderer.renderInlineArea(AbstractRenderer.java:876)
	at org.apache.fop.render.intermediate.IFRenderer.renderInlineArea(IFRenderer.java:930)
	at org.apache.fop.render.AbstractRenderer.renderLineArea(AbstractRenderer.java:844)
	at org.apache.fop.render.AbstractRenderer.renderBlocks(AbstractRenderer.java:704)
	at org.apache.fop.render.AbstractRenderer.renderBlock(AbstractRenderer.java:757)
	at org.apache.fop.render.intermediate.IFRenderer.renderBlock(IFRenderer.java:1010)
	at org.apache.fop.render.AbstractRenderer.renderBlocks(AbstractRenderer.java:689)
	at org.apache.fop.render.AbstractPathOrientedRenderer.renderReferenceArea(AbstractPathOrientedRenderer.java:759)
	at org.apache.fop.render.AbstractRenderer.renderBlock(AbstractRenderer.java:744)
	at org.apache.fop.render.intermediate.IFRenderer.renderBlock(IFRenderer.java:1010)
	at org.apache.fop.render.AbstractRenderer.renderBlocks(AbstractRenderer.java:689)
	at org.apache.fop.render.intermediate.IFRenderer.renderBlockViewport(IFRenderer.java:815)
	at org.apache.fop.render.AbstractRenderer.renderBlock(AbstractRenderer.java:737)
	at org.apache.fop.render.intermediate.IFRenderer.renderBlock(IFRenderer.java:1010)
	at org.apache.fop.render.AbstractRenderer.renderBlocks(AbstractRenderer.java:689)
	at org.apache.fop.render.AbstractRenderer.renderRegion(AbstractRenderer.java:418)
	at org.apache.fop.render.AbstractRenderer.renderRegionViewport(AbstractRenderer.java:382)
	at org.apache.fop.render.intermediate.IFRenderer.renderRegionViewport(IFRenderer.java:741)
	at org.apache.fop.render.AbstractRenderer.renderPageAreas(AbstractRenderer.java:337)
	at org.apache.fop.render.AbstractRenderer.renderPage(AbstractRenderer.java:318)
	at org.apache.fop.render.intermediate.IFRenderer.renderPage(IFRenderer.java:590)
	at org.apache.fop.area.RenderPagesModel.renderPage(RenderPagesModel.java:193)
	at org.apache.fop.area.RenderPagesModel.checkPreparedPages(RenderPagesModel.java:174)
	at org.apache.fop.area.RenderPagesModel.addPage(RenderPagesModel.java:146)
	at org.apache.fop.layoutmgr.AbstractPageSequenceLayoutManager.finishPage(AbstractPageSequenceLayoutManager.java:316)
	at org.apache.fop.layoutmgr.PageSequenceLayoutManager.finishPage(PageSequenceLayoutManager.java:243)
	at org.apache.fop.layoutmgr.PageSequenceLayoutManager.activateLayout(PageSequenceLayoutManager.java:147)
	at org.apache.fop.area.AreaTreeHandler.endPageSequence(AreaTreeHandler.java:267)
	at org.apache.fop.fo.DelegatingFOEventHandler.endPageSequence(DelegatingFOEventHandler.java:115)
	at org.apache.fop.accessibility.fo.FO2StructureTreeConverter.endPageSequence(FO2StructureTreeConverter.java:186)
	at org.apache.fop.fo.pagination.PageSequence.endOfNode(PageSequence.java:140)
	at org.apache.fop.fo.FOTreeBuilder$MainFOHandler.endElement(FOTreeBuilder.java:390)
	at org.apache.fop.fo.FOTreeBuilder$3.run(FOTreeBuilder.java:207)
	at org.apache.fop.fo.FOTreeBuilder$3.run(FOTreeBuilder.java:204)
	at java.base/java.security.AccessController.doPrivileged(AccessController.java:318)
	at org.apache.fop.fo.FOTreeBuilder.endElement(FOTreeBuilder.java:203)
	at org.apache.xalan.transformer.TransformerIdentityImpl.endElement(TransformerIdentityImpl.java:1149)
	at java.xml/com.sun.org.apache.xerces.internal.parsers.AbstractSAXParser.endElement(AbstractSAXParser.java:618)
	at java.xml/com.sun.org.apache.xerces.internal.impl.XMLDocumentFragmentScannerImpl.scanEndElement(XMLDocumentFragmentScannerImpl.java:1728)
	at java.xml/com.sun.org.apache.xerces.internal.impl.XMLDocumentFragmentScannerImpl$FragmentContentDriver.next(XMLDocumentFragmentScannerImpl.java:2899)
	at java.xml/com.sun.org.apache.xerces.internal.impl.XMLDocumentScannerImpl.next(XMLDocumentScannerImpl.java:605)
	at java.xml/com.sun.org.apache.xerces.internal.impl.XMLNSDocumentScannerImpl.next(XMLNSDocumentScannerImpl.java:112)
	at java.xml/com.sun.org.apache.xerces.internal.impl.XMLDocumentFragmentScannerImpl.scanDocument(XMLDocumentFragmentScannerImpl.java:542)
	at java.xml/com.sun.org.apache.xerces.internal.parsers.XML11Configuration.parse(XML11Configuration.java:889)
	at java.xml/com.sun.org.apache.xerces.internal.parsers.XML11Configuration.parse(XML11Configuration.java:825)
	at java.xml/com.sun.org.apache.xerces.internal.parsers.XMLParser.parse(XMLParser.java:141)
	at java.xml/com.sun.org.apache.xerces.internal.parsers.AbstractSAXParser.parse(AbstractSAXParser.java:1224)
	at org.apache.xalan.transformer.TransformerIdentityImpl.transform(TransformerIdentityImpl.java:519)
	at org.metanorma.fop.PDFGenerator.runFOP(PDFGenerator.java:950)
	at org.metanorma.fop.PDFGenerator.convertmn2pdf(PDFGenerator.java:748)
	at org.metanorma.fop.PDFGenerator.process(PDFGenerator.java:409)
	at org.metanorma.fop.mn2pdf.main(mn2pdf.java:383)
Caused by: java.lang.NoSuchMethodError: 'boolean org.apache.fop.pdf.PDFDocument.isMergeFontsEnabled()'
	at org.apache.fop.render.pdf.pdfbox.PDFBoxAdapter.mergeXObj(PDFBoxAdapter.java:374)
	at org.apache.fop.render.pdf.pdfbox.PDFBoxAdapter.createStreamFromPDFBoxPage(PDFBoxAdapter.java:210)
	at org.apache.fop.render.pdf.pdfbox.AbstractPDFBoxHandler.createStreamForPDF(AbstractPDFBoxHandler.java:111)
	at org.apache.fop.render.pdf.pdfbox.PDFBoxImageHandler.handleImage(PDFBoxImageHandler.java:77)
	... 63 more

Page #2: Font "Noto Serif JP,normal,200" not found. Substituting with "Noto Serif JP,normal,400".
Page #2: Font "Noto Sans JP,normal,500" not found. Substituting with "Noto Sans JP,normal,400".
Page #3: Font "Noto Serif JP,normal,200" not found. Substituting with "Noto Serif JP,normal,400".
Page #3: Font "Noto Sans JP,normal,500" not found. Substituting with "Noto Sans JP,normal,400".
Page #4: Font "Noto Serif JP,normal,200" not found. Substituting with "Noto Serif JP,normal,400".
Page #4: Font "Noto Sans JP,normal,500" not found. Substituting with "Noto Sans JP,normal,400".
Glyph "轻" (0x8f7b) not available in font "NotoSerifJP-Regular". Found in the character sequence "𨽻".
Page #12: Font "Noto Serif JP,normal,200" not found. Substituting with "Noto Serif JP,normal,400".
Page #13: Font "Noto Serif JP,normal,500" not found. Substituting with "Noto Serif JP,normal,400".
PDF/A mode is active. Embedding a PDF file may result in a non-compliant file!
Error while writing an image to the target file. Reason: java.lang.RuntimeException: Error on PDF page: file:////__w/laozi/laozi/_site/documents/_tmp_images_777a03b3-754d-4932-a9c4-515b0812ad10/766b3207-c999-4eea-a35e-917d4a22f625.pdf 'boolean org.apache.fop.pdf.PDFDocument.isMergeFontsEnabled()'
java.lang.RuntimeException: Error on PDF page: file:////__w/laozi/laozi/_site/documents/_tmp_images_777a03b3-754d-4932-a9c4-515b0812ad10/766b3207-c999-4eea-a35e-917d4a22f625.pdf 'boolean org.apache.fop.pdf.PDFDocument.isMergeFontsEnabled()'
	at org.apache.fop.render.pdf.pdfbox.PDFBoxImageHandler.handleImage(PDFBoxImageHandler.java:95)
	at org.apache.fop.render.intermediate.AbstractIFPainter.drawImage(AbstractIFPainter.java:260)
	at org.apache.fop.render.intermediate.AbstractIFPainter.drawImage(AbstractIFPainter.java:217)
	at org.apache.fop.render.intermediate.AbstractIFPainter.drawImageUsingImageHandler(AbstractIFPainter.java:176)
	at org.apache.fop.render.pdf.PDFPainter.drawImageUsingURI(PDFPainter.java:295)
	at org.apache.fop.render.pdf.PDFPainter.drawUncachedImage(PDFPainter.java:194)
	at org.apache.fop.render.pdf.PDFPainter.drawImage(PDFPainter.java:177)
	at org.apache.fop.render.intermediate.IFRenderer.drawImage(IFRenderer.java:1361)
	at org.apache.fop.render.intermediate.IFRenderer.renderImage(IFRenderer.java:1348)
	at org.apache.fop.render.AbstractRenderer.renderInlineViewport(AbstractRenderer.java:1029)
	at org.apache.fop.render.AbstractPathOrientedRenderer.renderInlineViewport(AbstractPathOrientedRenderer.java:836)
	at org.apache.fop.render.intermediate.IFRenderer.renderInlineViewport(IFRenderer.java:866)
	at org.apache.fop.render.AbstractRenderer.renderInlineArea(AbstractRenderer.java:876)
	at org.apache.fop.render.intermediate.IFRenderer.renderInlineArea(IFRenderer.java:930)
	at org.apache.fop.render.AbstractRenderer.renderLineArea(AbstractRenderer.java:844)
	at org.apache.fop.render.AbstractRenderer.renderBlocks(AbstractRenderer.java:704)
	at org.apache.fop.render.AbstractRenderer.renderBlock(AbstractRenderer.java:757)
	at org.apache.fop.render.intermediate.IFRenderer.renderBlock(IFRenderer.java:1010)
	at org.apache.fop.render.AbstractRenderer.renderBlocks(AbstractRenderer.java:689)
	at org.apache.fop.render.AbstractPathOrientedRenderer.renderReferenceArea(AbstractPathOrientedRenderer.java:759)
	at org.apache.fop.render.AbstractRenderer.renderBlock(AbstractRenderer.java:744)
	at org.apache.fop.render.intermediate.IFRenderer.renderBlock(IFRenderer.java:1010)
	at org.apache.fop.render.AbstractRenderer.renderBlocks(AbstractRenderer.java:689)
	at org.apache.fop.render.intermediate.IFRenderer.renderBlockViewport(IFRenderer.java:815)
	at org.apache.fop.render.AbstractRenderer.renderBlock(AbstractRenderer.java:737)
	at org.apache.fop.render.intermediate.IFRenderer.renderBlock(IFRenderer.java:1010)
	at org.apache.fop.render.AbstractRenderer.renderBlocks(AbstractRenderer.java:689)
	at org.apache.fop.render.AbstractRenderer.renderRegion(AbstractRenderer.java:418)
	at org.apache.fop.render.AbstractRenderer.renderRegionViewport(AbstractRenderer.java:382)
	at org.apache.fop.render.intermediate.IFRenderer.renderRegionViewport(IFRenderer.java:741)
	at org.apache.fop.render.AbstractRenderer.renderPageAreas(AbstractRenderer.java:337)
	at org.apache.fop.render.AbstractRenderer.renderPage(AbstractRenderer.java:318)
	at org.apache.fop.render.intermediate.IFRenderer.renderPage(IFRenderer.java:590)
	at org.apache.fop.area.RenderPagesModel.renderPage(RenderPagesModel.java:193)
	at org.apache.fop.area.RenderPagesModel.checkPreparedPages(RenderPagesModel.java:174)
	at org.apache.fop.area.RenderPagesModel.addPage(RenderPagesModel.java:146)
	at org.apache.fop.layoutmgr.AbstractPageSequenceLayoutManager.finishPage(AbstractPageSequenceLayoutManager.java:316)
	at org.apache.fop.layoutmgr.PageSequenceLayoutManager.finishPage(PageSequenceLayoutManager.java:243)
	at org.apache.fop.layoutmgr.PageSequenceLayoutManager.activateLayout(PageSequenceLayoutManager.java:147)
	at org.apache.fop.area.AreaTreeHandler.endPageSequence(AreaTreeHandler.java:267)
	at org.apache.fop.fo.DelegatingFOEventHandler.endPageSequence(DelegatingFOEventHandler.java:115)
	at org.apache.fop.accessibility.fo.FO2StructureTreeConverter.endPageSequence(FO2StructureTreeConverter.java:186)
	at org.apache.fop.fo.pagination.PageSequence.endOfNode(PageSequence.java:140)
	at org.apache.fop.fo.FOTreeBuilder$MainFOHandler.endElement(FOTreeBuilder.java:390)
	at org.apache.fop.fo.FOTreeBuilder$3.run(FOTreeBuilder.java:207)
	at org.apache.fop.fo.FOTreeBuilder$3.run(FOTreeBuilder.java:204)
	at java.base/java.security.AccessController.doPrivileged(AccessController.java:318)
	at org.apache.fop.fo.FOTreeBuilder.endElement(FOTreeBuilder.java:203)
	at org.apache.xalan.transformer.TransformerIdentityImpl.endElement(TransformerIdentityImpl.java:1149)
	at java.xml/com.sun.org.apache.xerces.internal.parsers.AbstractSAXParser.endElement(AbstractSAXParser.java:618)
	at java.xml/com.sun.org.apache.xerces.internal.impl.XMLDocumentFragmentScannerImpl.scanEndElement(XMLDocumentFragmentScannerImpl.java:1728)
	at java.xml/com.sun.org.apache.xerces.internal.impl.XMLDocumentFragmentScannerImpl$FragmentContentDriver.next(XMLDocumentFragmentScannerImpl.java:2899)
	at java.xml/com.sun.org.apache.xerces.internal.impl.XMLDocumentScannerImpl.next(XMLDocumentScannerImpl.java:605)
	at java.xml/com.sun.org.apache.xerces.internal.impl.XMLNSDocumentScannerImpl.next(XMLNSDocumentScannerImpl.java:112)
	at java.xml/com.sun.org.apache.xerces.internal.impl.XMLDocumentFragmentScannerImpl.scanDocument(XMLDocumentFragmentScannerImpl.java:542)
	at java.xml/com.sun.org.apache.xerces.internal.parsers.XML11Configuration.parse(XML11Configuration.java:889)
	at java.xml/com.sun.org.apache.xerces.internal.parsers.XML11Configuration.parse(XML11Configuration.java:825)
	at java.xml/com.sun.org.apache.xerces.internal.parsers.XMLParser.parse(XMLParser.java:141)
	at java.xml/com.sun.org.apache.xerces.internal.parsers.AbstractSAXParser.parse(AbstractSAXParser.java:1224)
	at org.apache.xalan.transformer.TransformerIdentityImpl.transform(TransformerIdentityImpl.java:519)
	at org.metanorma.fop.PDFGenerator.runFOP(PDFGenerator.java:950)
	at org.metanorma.fop.PDFGenerator.convertmn2pdf(PDFGenerator.java:748)
	at org.metanorma.fop.PDFGenerator.process(PDFGenerator.java:409)
	at org.metanorma.fop.mn2pdf.main(mn2pdf.java:383)
Caused by: java.lang.NoSuchMethodError: 'boolean org.apache.fop.pdf.PDFDocument.isMergeFontsEnabled()'
	at org.apache.fop.render.pdf.pdfbox.PDFBoxAdapter.mergeXObj(PDFBoxAdapter.java:374)
	at org.apache.fop.render.pdf.pdfbox.PDFBoxAdapter.createStreamFromPDFBoxPage(PDFBoxAdapter.java:210)
	at org.apache.fop.render.pdf.pdfbox.AbstractPDFBoxHandler.createStreamForPDF(AbstractPDFBoxHandler.java:111)
	at org.apache.fop.render.pdf.pdfbox.PDFBoxImageHandler.handleImage(PDFBoxImageHandler.java:77)
	... 63 more

