Font "Noto Serif JP,normal,900" not found. Substituting with "Noto Serif JP,normal,700".
Font "Noto Serif JP,normal,500" not found. Substituting with "Noto Serif JP,normal,400".
Content overflows the viewport of an fo:block-container in block-progression direction by 1 millipoints. (See position 1:16087)
Content overflows the viewport of an fo:block-container in block-progression direction by 21440 millipoints. (See position 1:16994)
Font "Noto Serif JP,normal,200" not found. Substituting with "Noto Serif JP,normal,400".
Font "STIX Two Math,normal,200" not found. Substituting with "STIX Two Math,normal,400".
Font "Noto Serif,normal,200" not found. Substituting with "Noto Serif,normal,400".
Font "Noto Serif HK,normal,200" not found. Substituting with "Noto Serif HK,normal,400".
Font "Noto Serif KR,normal,200" not found. Substituting with "Noto Serif KR,normal,400".
Font "Noto Serif SC,normal,200" not found. Substituting with "Noto Serif SC,normal,400".
Font "Noto Serif TC,normal,200" not found. Substituting with "Noto Serif TC,normal,400".
The contents of fo:block line 1 exceed the available area in the inline-progression direction by 2500 millipoints. (See position 1:15239)
The contents of fo:block line 6 exceed the available area in the inline-progression direction by 8320 millipoints. (See position 1:15292)
The contents of fo:block line 5 exceed the available area in the inline-progression direction by 8320 millipoints. (See position 1:15292)
The contents of fo:block line 4 exceed the available area in the inline-progression direction by 8320 millipoints. (See position 1:15292)
The contents of fo:block line 3 exceed the available area in the inline-progression direction by 8320 millipoints. (See position 1:15292)
The contents of fo:block line 2 exceed the available area in the inline-progression direction by 8320 millipoints. (See position 1:15292)
The contents of fo:block line 1 exceed the available area in the inline-progression direction by 8320 millipoints. (See position 1:15292)
The contents of fo:block line 2 exceed the available area in the inline-progression direction by 8320 millipoints. (See position 1:15379)
The contents of fo:block line 1 exceed the available area in the inline-progression direction by 8320 millipoints. (See position 1:15379)
The contents of fo:block line 1 exceed the available area in the inline-progression direction by 2500 millipoints. (See position 1:15433)
The contents of fo:block line 2 exceed the available area in the inline-progression direction by 8320 millipoints. (See position 1:15486)
The contents of fo:block line 1 exceed the available area in the inline-progression direction by 8320 millipoints. (See position 1:15486)
PDF/A mode is active. Embedding a PDF file may result in a non-compliant file!
Font "Noto Sans JP,normal,500" not found. Substituting with "Noto Sans JP,normal,400".
Content overflows the viewport of an fo:block-container in block-progression direction by 105600 millipoints. (See position 2:73765)
PDF/A mode is active. Embedding a PDF file may result in a non-compliant file!
PDF isn't valid PDF/A-3a:
ValidationResult [flavour=3a, totalAssertions=350936, assertions=[
TestAssertion [ruleId=RuleId [specification=ISO 19005-3:2012, clause=6.2.8, testNumber=3], status=failed,
message=If an Image dictionary contains the Interpolate key, its value shall be false. For an inline image, the I key shall have a value of false,
location=Location [level=CosDocument, context=root/document[0]/pages[0](68 0 obj PDPage)/contentStream[0](66 0 obj PDContentStream)/operators[16]/xObject[0]/contentStream[0](32 0 obj PDContentStream)/operators[9]/xObject[0](30 0 obj PDXImage)], locationContext=null, errorMessage=null]], isCompliant=false]
PDF isn't valid PDF/UA-1:
ValidationResult [flavour=ua1, totalAssertions=121431, assertions=[
TestAssertion [ruleId=RuleId [specification=ISO 14289-1:2014, clause=7.1, testNumber=3], status=failed,
message=Content shall be marked as Artifact or tagged as real content,
location=Location [level=CosDocument, context=root/document[0]/pages[0](68 0 obj PDPage)/contentStream[0](66 0 obj PDSemanticContentStream)/content[0]/contentItem[0]], locationContext=null, errorMessage=null], 
TestAssertion [ruleId=RuleId [specification=ISO 14289-1:2014, clause=7.1, testNumber=3], status=failed,
message=Content shall be marked as Artifact or tagged as real content,
location=Location [level=CosDocument, context=root/document[0]/pages[0](68 0 obj PDPage)/contentStream[0](66 0 obj PDSemanticContentStream)/content[0]/contentItem[1]], locationContext=null, errorMessage=null], 
TestAssertion [ruleId=RuleId [specification=ISO 14289-1:2014, clause=7.1, testNumber=3], status=failed,
message=Content shall be marked as Artifact or tagged as real content,
location=Location [level=CosDocument, context=root/document[0]/pages[0](68 0 obj PDPage)/contentStream[0](66 0 obj PDSemanticContentStream)/content[0]/contentItem[2]], locationContext=null, errorMessage=null], 
TestAssertion [ruleId=RuleId [specification=ISO 14289-1:2014, clause=7.1, testNumber=3], status=failed,
message=Content shall be marked as Artifact or tagged as real content,
location=Location [level=CosDocument, context=root/document[0]/pages[0](68 0 obj PDPage)/contentStream[0](66 0 obj PDSemanticContentStream)/content[0]/contentItem[3]], locationContext=null, errorMessage=null], 
TestAssertion [ruleId=RuleId [specification=ISO 14289-1:2014, clause=7.1, testNumber=3], status=failed,
message=Content shall be marked as Artifact or tagged as real content,
location=Location [level=CosDocument, context=root/document[0]/pages[0](68 0 obj PDPage)/contentStream[0](66 0 obj PDSemanticContentStream)/content[0]/contentItem[4]], locationContext=null, errorMessage=null], 
TestAssertion [ruleId=RuleId [specification=ISO 14289-1:2014, clause=7.1, testNumber=3], status=failed,
message=Content shall be marked as Artifact or tagged as real content,
location=Location [level=CosDocument, context=root/document[0]/pages[0](68 0 obj PDPage)/contentStream[0](66 0 obj PDSemanticContentStream)/content[0]/contentItem[5]], locationContext=null, errorMessage=null], 
TestAssertion [ruleId=RuleId [specification=ISO 14289-1:2014, clause=7.1, testNumber=3], status=failed,
message=Content shall be marked as Artifact or tagged as real content,
location=Location [level=CosDocument, context=root/document[0]/pages[0](68 0 obj PDPage)/contentStream[0](66 0 obj PDSemanticContentStream)/content[0]/contentItem[6]], locationContext=null, errorMessage=null], 
TestAssertion [ruleId=RuleId [specification=ISO 14289-1:2014, clause=7.1, testNumber=3], status=failed,
message=Content shall be marked as Artifact or tagged as real content,
location=Location [level=CosDocument, context=root/document[0]/pages[0](68 0 obj PDPage)/contentStream[0](66 0 obj PDSemanticContentStream)/operators[16]/xObject[0]/contentStream[0](32 0 obj PDSemanticContentStream)/content[0]/contentItem[0]], locationContext=null, errorMessage=null], 
TestAssertion [ruleId=RuleId [specification=ISO 14289-1:2014, clause=7.1, testNumber=3], status=failed,
message=Content shall be marked as Artifact or tagged as real content,
location=Location [level=CosDocument, context=root/document[0]/pages[0](68 0 obj PDPage)/contentStream[0](66 0 obj PDSemanticContentStream)/operators[25]/xObject[0]/contentStream[0](34 0 obj PDSemanticContentStream)/content[0]/contentItem[0]], locationContext=null, errorMessage=null], 
TestAssertion [ruleId=RuleId [specification=ISO 14289-1:2014, clause=7.1, testNumber=3], status=failed,
message=Content shall be marked as Artifact or tagged as real content,
location=Location [level=CosDocument, context=root/document[0]/pages[0](68 0 obj PDPage)/contentStream[0](66 0 obj PDSemanticContentStream)/operators[34]/xObject[0]/contentStream[0](36 0 obj PDSemanticContentStream)/content[0]/contentItem[0]], locationContext=null, errorMessage=null], 
TestAssertion [ruleId=RuleId [specification=ISO 14289-1:2014, clause=7.1, testNumber=3], status=failed,
message=Content shall be marked as Artifact or tagged as real content,
location=Location [level=CosDocument, context=root/document[0]/pages[0](68 0 obj PDPage)/contentStream[0](66 0 obj PDSemanticContentStream)/operators[43]/xObject[0]/contentStream[0](38 0 obj PDSemanticContentStream)/content[0]/contentItem[0]], locationContext=null, errorMessage=null], 
TestAssertion [ruleId=RuleId [specification=ISO 14289-1:2014, clause=7.1, testNumber=3], status=failed,
message=Content shall be marked as Artifact or tagged as real content,
location=Location [level=CosDocument, context=root/document[0]/pages[0](68 0 obj PDPage)/contentStream[0](66 0 obj PDSemanticContentStream)/operators[52]/xObject[0]/contentStream[0](40 0 obj PDSemanticContentStream)/content[0]/contentItem[0]], locationContext=null, errorMessage=null], 
TestAssertion [ruleId=RuleId [specification=ISO 14289-1:2014, clause=7.1, testNumber=3], status=failed,
message=Content shall be marked as Artifact or tagged as real content,
location=Location [level=CosDocument, context=root/document[0]/pages[12](957 0 obj PDPage)/contentStream[0](955 0 obj PDSemanticContentStream)/operators[17]/xObject[0]/contentStream[0](935 0 obj PDSemanticContentStream)/content[0]/contentItem[0]], locationContext=null, errorMessage=null], 
TestAssertion [ruleId=RuleId [specification=ISO 14289-1:2014, clause=7.1, testNumber=3], status=failed,
message=Content shall be marked as Artifact or tagged as real content,
location=Location [level=CosDocument, context=root/document[0]/pages[12](957 0 obj PDPage)/contentStream[0](955 0 obj PDSemanticContentStream)/operators[26]/xObject[0]/contentStream[0](939 0 obj PDSemanticContentStream)/content[0]/contentItem[0]], locationContext=null, errorMessage=null], 
TestAssertion [ruleId=RuleId [specification=ISO 14289-1:2014, clause=7.1, testNumber=3], status=failed,
message=Content shall be marked as Artifact or tagged as real content,
location=Location [level=CosDocument, context=root/document[0]/pages[12](957 0 obj PDPage)/contentStream[0](955 0 obj PDSemanticContentStream)/operators[35]/xObject[0]/contentStream[0](943 0 obj PDSemanticContentStream)/content[0]/contentItem[0]], locationContext=null, errorMessage=null], 
TestAssertion [ruleId=RuleId [specification=ISO 14289-1:2014, clause=7.1, testNumber=3], status=failed,
message=Content shall be marked as Artifact or tagged as real content,
location=Location [level=CosDocument, context=root/document[0]/pages[12](957 0 obj PDPage)/contentStream[0](955 0 obj PDSemanticContentStream)/operators[44]/xObject[0]/contentStream[0](947 0 obj PDSemanticContentStream)/content[0]/contentItem[0]], locationContext=null, errorMessage=null], 
TestAssertion [ruleId=RuleId [specification=ISO 14289-1:2014, clause=7.2, testNumber=42], status=failed,
message=Table rows shall have the same number of columns (taking into account column spans),
location=Location [level=CosDocument, context=root/document[0]/StructTreeRoot[0](1031 0 obj PDStructTreeRoot)/K[0](1034 0 obj SEDocument Document)/K[0](1060 0 obj SEPart Part)/K[1](1067 0 obj SESect Sect)/K[0](1072 0 obj SETable Table)], locationContext=null, errorMessage=null]], isCompliant=false]
