Font "Noto Serif JP,normal,900" not found. Substituting with "Noto Serif JP,normal,700".
Font "Noto Serif JP,normal,500" not found. Substituting with "Noto Serif JP,normal,400".
Font "Noto Serif JP,normal,200" not found. Substituting with "Noto Serif JP,normal,400".
Font "STIX Two Math,normal,200" not found. Substituting with "STIX Two Math,normal,400".
Font "Noto Serif,normal,200" not found. Substituting with "Noto Serif,normal,400".
Font "Noto Serif HK,normal,200" not found. Substituting with "Noto Serif HK,normal,400".
Font "Noto Serif KR,normal,200" not found. Substituting with "Noto Serif KR,normal,400".
Font "Noto Serif SC,normal,200" not found. Substituting with "Noto Serif SC,normal,400".
Font "Noto Serif TC,normal,200" not found. Substituting with "Noto Serif TC,normal,400".
PDF/A mode is active. Embedding a PDF file may result in a non-compliant file!
Font "Noto Sans JP,normal,500" not found. Substituting with "Noto Sans JP,normal,400".
The contents of fo:inline line 1 exceed the available area in the inline-progression direction by 7142 millipoints. (See position 3:12794)
The contents of fo:inline line 1 exceed the available area in the inline-progression direction by 7142 millipoints. (See position 4:2674)
The contents of fo:inline line 1 exceed the available area in the inline-progression direction by 7142 millipoints. (See position 5:2220)
The contents of fo:inline line 1 exceed the available area in the inline-progression direction by 7142 millipoints. (See position 6:2214)
The contents of fo:inline line 1 exceed the available area in the inline-progression direction by 7142 millipoints. (See position 7:2216)
The contents of fo:inline line 1 exceed the available area in the inline-progression direction by 7142 millipoints. (See position 8:2662)
The contents of fo:inline line 1 exceed the available area in the inline-progression direction by 7142 millipoints. (See position 9:1784)
The contents of fo:inline line 1 exceed the available area in the inline-progression direction by 7142 millipoints. (See position 10:2216)
The contents of fo:inline line 1 exceed the available area in the inline-progression direction by 7142 millipoints. (See position 11:2674)
The contents of fo:inline line 1 exceed the available area in the inline-progression direction by 7142 millipoints. (See position 32:6179)
The contents of fo:inline line 1 exceed the available area in the inline-progression direction by 7142 millipoints. (See position 33:1778)
The contents of fo:inline line 1 exceed the available area in the inline-progression direction by 7142 millipoints. (See position 34:2211)
The contents of fo:inline line 1 exceed the available area in the inline-progression direction by 7142 millipoints. (See position 35:2216)
The contents of fo:inline line 1 exceed the available area in the inline-progression direction by 7142 millipoints. (See position 36:2220)
The contents of fo:inline line 1 exceed the available area in the inline-progression direction by 7142 millipoints. (See position 37:3080)
The contents of fo:inline line 1 exceed the available area in the inline-progression direction by 7142 millipoints. (See position 38:1781)
The contents of fo:inline line 1 exceed the available area in the inline-progression direction by 7142 millipoints. (See position 39:2646)
The contents of fo:inline line 1 exceed the available area in the inline-progression direction by 7142 millipoints. (See position 40:2218)
The contents of fo:inline line 1 exceed the available area in the inline-progression direction by 7142 millipoints. (See position 68:3351)
The contents of fo:inline line 1 exceed the available area in the inline-progression direction by 7142 millipoints. (See position 69:2209)
The contents of fo:inline line 1 exceed the available area in the inline-progression direction by 7142 millipoints. (See position 70:1778)
The contents of fo:inline line 1 exceed the available area in the inline-progression direction by 7142 millipoints. (See position 71:2211)
The contents of fo:inline line 1 exceed the available area in the inline-progression direction by 7142 millipoints. (See position 72:2214)
The contents of fo:inline line 1 exceed the available area in the inline-progression direction by 7142 millipoints. (See position 73:2671)
The contents of fo:inline line 1 exceed the available area in the inline-progression direction by 7142 millipoints. (See position 74:2210)
The contents of fo:inline line 1 exceed the available area in the inline-progression direction by 7142 millipoints. (See position 75:1779)
The contents of fo:inline line 1 exceed the available area in the inline-progression direction by 7142 millipoints. (See position 76:2212)
The contents of fo:inline line 1 exceed the available area in the inline-progression direction by 7142 millipoints. (See position 111:5274)
The contents of fo:inline line 1 exceed the available area in the inline-progression direction by 7142 millipoints. (See position 112:1776)
The contents of fo:inline line 1 exceed the available area in the inline-progression direction by 7142 millipoints. (See position 113:2209)
The contents of fo:inline line 1 exceed the available area in the inline-progression direction by 7142 millipoints. (See position 114:2218)
The contents of fo:inline line 1 exceed the available area in the inline-progression direction by 7142 millipoints. (See position 115:1776)
The contents of fo:inline line 1 exceed the available area in the inline-progression direction by 7142 millipoints. (See position 116:1776)
The contents of fo:inline line 1 exceed the available area in the inline-progression direction by 7142 millipoints. (See position 117:1776)
The contents of fo:inline line 1 exceed the available area in the inline-progression direction by 7142 millipoints. (See position 118:2209)
The contents of fo:inline line 1 exceed the available area in the inline-progression direction by 7142 millipoints. (See position 119:1781)
The contents of fo:inline line 1 exceed the available area in the inline-progression direction by 7142 millipoints. (See position 168:3782)
The contents of fo:inline line 1 exceed the available area in the inline-progression direction by 7142 millipoints. (See position 169:2217)
The contents of fo:inline line 1 exceed the available area in the inline-progression direction by 7142 millipoints. (See position 170:2216)
The contents of fo:inline line 1 exceed the available area in the inline-progression direction by 7142 millipoints. (See position 171:1786)
The contents of fo:inline line 1 exceed the available area in the inline-progression direction by 7142 millipoints. (See position 172:1780)
The contents of fo:inline line 1 exceed the available area in the inline-progression direction by 7142 millipoints. (See position 173:1780)
The contents of fo:inline line 1 exceed the available area in the inline-progression direction by 7142 millipoints. (See position 174:2214)
The contents of fo:inline line 1 exceed the available area in the inline-progression direction by 7142 millipoints. (See position 175:2214)
The contents of fo:inline line 1 exceed the available area in the inline-progression direction by 7142 millipoints. (See position 176:2222)
The contents of fo:inline line 1 exceed the available area in the inline-progression direction by 7142 millipoints. (See position 237:3942)
The contents of fo:inline line 1 exceed the available area in the inline-progression direction by 7142 millipoints. (See position 238:3945)
The contents of fo:inline line 1 exceed the available area in the inline-progression direction by 7142 millipoints. (See position 239:2214)
The contents of fo:inline line 1 exceed the available area in the inline-progression direction by 7142 millipoints. (See position 240:2678)
The contents of fo:inline line 1 exceed the available area in the inline-progression direction by 7142 millipoints. (See position 241:7486)
The contents of fo:inline line 1 exceed the available area in the inline-progression direction by 7142 millipoints. (See position 242:2209)
The contents of fo:inline line 1 exceed the available area in the inline-progression direction by 7142 millipoints. (See position 243:1780)
The contents of fo:inline line 1 exceed the available area in the inline-progression direction by 7142 millipoints. (See position 244:1780)
The contents of fo:inline line 1 exceed the available area in the inline-progression direction by 7142 millipoints. (See position 245:4407)
The contents of fo:inline line 1 exceed the available area in the inline-progression direction by 7142 millipoints. (See position 278:6169)
The contents of fo:inline line 1 exceed the available area in the inline-progression direction by 7142 millipoints. (See position 279:2214)
The contents of fo:inline line 1 exceed the available area in the inline-progression direction by 7142 millipoints. (See position 280:3083)
The contents of fo:inline line 1 exceed the available area in the inline-progression direction by 7142 millipoints. (See position 281:2226)
The contents of fo:inline line 1 exceed the available area in the inline-progression direction by 7142 millipoints. (See position 282:2233)
The contents of fo:inline line 1 exceed the available area in the inline-progression direction by 7142 millipoints. (See position 283:2650)
The contents of fo:inline line 1 exceed the available area in the inline-progression direction by 7142 millipoints. (See position 284:2220)
The contents of fo:inline line 1 exceed the available area in the inline-progression direction by 7142 millipoints. (See position 285:3513)
The contents of fo:inline line 1 exceed the available area in the inline-progression direction by 7142 millipoints. (See position 286:2739)
The contents of fo:inline line 1 exceed the available area in the inline-progression direction by 7142 millipoints. (See position 315:2905)
The contents of fo:inline line 1 exceed the available area in the inline-progression direction by 7142 millipoints. (See position 316:2214)
The contents of fo:inline line 1 exceed the available area in the inline-progression direction by 7142 millipoints. (See position 317:1778)
The contents of fo:inline line 1 exceed the available area in the inline-progression direction by 7142 millipoints. (See position 318:2211)
The contents of fo:inline line 1 exceed the available area in the inline-progression direction by 7142 millipoints. (See position 319:2218)
The contents of fo:inline line 1 exceed the available area in the inline-progression direction by 7142 millipoints. (See position 320:3135)
The contents of fo:inline line 1 exceed the available area in the inline-progression direction by 7142 millipoints. (See position 321:2226)
The contents of fo:inline line 1 exceed the available area in the inline-progression direction by 7142 millipoints. (See position 322:2227)
The contents of fo:inline line 1 exceed the available area in the inline-progression direction by 7142 millipoints. (See position 323:2642)
The contents of fo:inline line 1 exceed the available area in the inline-progression direction by 7142 millipoints. (See position 348:2905)
The contents of fo:inline line 1 exceed the available area in the inline-progression direction by 7142 millipoints. (See position 349:2215)
The contents of fo:inline line 1 exceed the available area in the inline-progression direction by 7142 millipoints. (See position 350:2226)
The contents of fo:inline line 1 exceed the available area in the inline-progression direction by 7142 millipoints. (See position 351:2227)
The contents of fo:inline line 1 exceed the available area in the inline-progression direction by 7142 millipoints. (See position 352:2659)
The contents of fo:inline line 1 exceed the available area in the inline-progression direction by 7142 millipoints. (See position 353:2228)
The contents of fo:inline line 1 exceed the available area in the inline-progression direction by 7142 millipoints. (See position 354:1787)
The contents of fo:inline line 1 exceed the available area in the inline-progression direction by 7142 millipoints. (See position 355:3110)
The contents of fo:inline line 1 exceed the available area in the inline-progression direction by 7142 millipoints. (See position 356:2220)
The contents of fo:inline line 1 exceed the available area in the inline-progression direction by 7142 millipoints. (See position 366:3952)
The contents of fo:inline line 1 exceed the available area in the inline-progression direction by 7142 millipoints. (See position 367:2213)
The contents of fo:inline line 1 exceed the available area in the inline-progression direction by 7142 millipoints. (See position 368:1784)
The contents of fo:inline line 1 exceed the available area in the inline-progression direction by 7142 millipoints. (See position 369:2216)
The contents of fo:inline line 1 exceed the available area in the inline-progression direction by 7142 millipoints. (See position 370:2677)
The contents of fo:inline line 1 exceed the available area in the inline-progression direction by 7142 millipoints. (See position 371:3147)
The contents of fo:inline line 1 exceed the available area in the inline-progression direction by 7142 millipoints. (See position 372:2224)
The contents of fo:inline line 1 exceed the available area in the inline-progression direction by 7142 millipoints. (See position 373:2217)
The contents of fo:inline line 1 exceed the available area in the inline-progression direction by 7142 millipoints. (See position 374:2224)
The contents of fo:inline line 1 exceed the available area in the inline-progression direction by 7142 millipoints. (See position 424:4397)
The contents of fo:inline line 1 exceed the available area in the inline-progression direction by 7142 millipoints. (See position 425:2218)
The contents of fo:inline line 1 exceed the available area in the inline-progression direction by 7142 millipoints. (See position 426:2218)
The contents of fo:inline line 1 exceed the available area in the inline-progression direction by 7142 millipoints. (See position 427:2220)
The contents of fo:inline line 1 exceed the available area in the inline-progression direction by 7142 millipoints. (See position 428:2684)
The contents of fo:inline line 1 exceed the available area in the inline-progression direction by 7142 millipoints. (See position 429:2214)
The contents of fo:inline line 1 exceed the available area in the inline-progression direction by 7142 millipoints. (See position 430:2211)
The contents of fo:inline line 1 exceed the available area in the inline-progression direction by 7142 millipoints. (See position 431:4004)
The contents of fo:inline line 1 exceed the available area in the inline-progression direction by 7142 millipoints. (See position 432:2217)
PDF/A mode is active. Embedding a PDF file may result in a non-compliant file!
